Microchip MPLAB XC8 Compiler V2.46

Linker command line:

-W-3 \
  --edf=C:\Program Files\Microchip\xc8\v2.46\pic\dat\20240104201356_en.msgs \
  -cn -h+dist/default/debug\PIC_LIGHTBLUE_EXPLORER_DEMO.X.debug.sym \
  --cmf=dist/default/debug\PIC_LIGHTBLUE_EXPLORER_DEMO.X.debug.cmf -z \
  -Q16LF18456 -oC:\Users\jjega\AppData\Local\Temp\xcAs9sc.\driver_tmp_3.o \
  --defsym=__MPLAB_BUILD=1 --fixupoverflow=error \
  -Mdist/default/debug/PIC_LIGHTBLUE_EXPLORER_DEMO.X.debug.map \
  --md=C:\Users\jjega\AppData\Local\Temp\xcAs9sc.\driver_tmp_0.dat -E1 \
  -ver=XC8 Compiler --acfsm=1493 -ASTACK=02280h-027EFh -pstack=STACK \
  -ACODE=00h-07FFhx8 -ASTRCODE=00h-03FFFh -ASTRING=00h-0FFhx64 \
  -ACONST=00h-0FFhx64 -AENTRY=00h-0FFhx64 -ACOMMON=070h-07Fh \
  -ABANK0=020h-06Fh -ABANK1=0A0h-0EFh -ABANK2=0120h-016Fh \
  -ABANK3=01A0h-01EFh -ABANK4=0220h-026Fh -ABANK5=02A0h-02EFh \
  -ABANK6=0320h-036Fh -ABANK7=03A0h-03EFh -ABANK8=0420h-046Fh \
  -ABANK9=04A0h-04EFh -ABANK10=0520h-056Fh -ABANK11=05A0h-05EFh \
  -ABANK12=0620h-066Fh -ABANK13=06A0h-06EFh -ABANK14=0720h-076Fh \
  -ABANK15=07A0h-07EFh -ABANK16=0820h-086Fh -ABANK17=08A0h-08EFh \
  -ABANK18=0920h-096Fh -ABANK19=09A0h-09EFh -ABANK20=0A20h-0A6Fh \
  -ABANK21=0AA0h-0AEFh -ABANK22=0B20h-0B6Fh -ABANK23=0BA0h-0BEFh \
  -ABANK24=0C20h-0C6Fh -ABANK25=0CA0h-0CBFh -ABIGRAM=02000h-027EFh \
  -ARAM=020h-06Fh,0A0h-0EFh,0120h-016Fh,01A0h-01EFh,0220h-026Fh,02A0h-02EFh,0320h-036Fh,03A0h-03EFh,0420h-046Fh,04A0h-04EFh,0520h-056Fh,05A0h-05EFh,0620h-066Fh,06A0h-06EFh,0720h-076Fh,07A0h-07EFh,0820h-086Fh,08A0h-08EFh,0920h-096Fh,09A0h-09EFh,0A20h-0A6Fh,0AA0h-0AEFh,0B20h-0B6Fh,0BA0h-0BEFh,0C20h-0C6Fh,0CA0h-0CBFh \
  -AABS1=020h-07Fh,0A0h-0EFh,0120h-016Fh,01A0h-01EFh,0220h-026Fh,02A0h-02EFh,0320h-036Fh,03A0h-03EFh,0420h-046Fh,04A0h-04EFh,0520h-056Fh,05A0h-05EFh,0620h-066Fh,06A0h-06EFh,0720h-076Fh,07A0h-07EFh,0820h-086Fh,08A0h-08EFh,0920h-096Fh,09A0h-09EFh,0A20h-0A6Fh,0AA0h-0AEFh,0B20h-0B6Fh,0BA0h-0BEFh,0C20h-0C6Fh,0CA0h-0CBFh \
  -ASFR0=00h-01Fh -ASFR1=080h-09Fh -ASFR2=0100h-011Fh -ASFR3=0180h-019Fh \
  -ASFR4=0200h-021Fh -ASFR5=0280h-029Fh -ASFR6=0300h-031Fh \
  -ASFR7=0380h-039Fh -ASFR8=0400h-041Fh -ASFR9=0480h-049Fh \
  -ASFR10=0500h-051Fh -ASFR11=0580h-059Fh -ASFR12=0600h-061Fh \
  -ASFR13=0680h-069Fh -ASFR14=0700h-071Fh -ASFR15=0780h-079Fh \
  -ASFR16=0800h-081Fh -ASFR17=0880h-089Fh -ASFR18=0900h-091Fh \
  -ASFR19=0980h-099Fh -ASFR20=0A00h-0A1Fh -ASFR21=0A80h-0A9Fh \
  -ASFR22=0B00h-0B1Fh -ASFR23=0B80h-0B9Fh -ASFR24=0C00h-0C1Fh \
  -ASFR25=0C80h-0C9Fh -ASFR26=0D00h-0D6Fh -ASFR27=0D80h-0DEFh \
  -ASFR28=0E00h-0E6Fh -ASFR29=0E80h-0EEFh -ASFR30=0F00h-0F6Fh \
  -ASFR31=0F80h-0FEFh -ASFR32=01000h-0106Fh -ASFR33=01080h-010EFh \
  -ASFR34=01100h-0116Fh -ASFR35=01180h-011EFh -ASFR36=01200h-0126Fh \
  -ASFR37=01280h-012EFh -ASFR38=01300h-0136Fh -ASFR39=01380h-013EFh \
  -ASFR40=01400h-0146Fh -ASFR41=01480h-014EFh -ASFR42=01500h-0156Fh \
  -ASFR43=01580h-015EFh -ASFR44=01600h-0166Fh -ASFR45=01680h-016EFh \
  -ASFR46=01700h-0176Fh -ASFR47=01780h-017EFh -ASFR48=01800h-0186Fh \
  -ASFR49=01880h-018EFh -ASFR50=01900h-0196Fh -ASFR51=01980h-019EFh \
  -ASFR52=01A00h-01A6Fh -ASFR53=01A80h-01AEFh -ASFR54=01B00h-01B6Fh \
  -ASFR55=01B80h-01BEFh -ASFR56=01C00h-01C6Fh -ASFR57=01C80h-01CEFh \
  -ASFR58=01D00h-01D6Fh -ASFR59=01D80h-01DEFh -ASFR60=01E00h-01E6Fh \
  -ASFR61=01E80h-01EEFh -ASFR62=01F00h-01F6Fh -ASFR63=01F80h-01FEFh \
  -ACONFIG=08007h-0800Bh -DCONFIG=2 -AIDLOC=08000h-08003h -DIDLOC=2 \
  -AEEDATA=00h-0FFh/0F000h -peeprom_data=EEDATA -DEEDATA=2 -DCODE=2 \
  -DSTRCODE=2 -DSTRING=2 -DCONST=2 -DENTRY=2 \
  -preset_vec=00h,intentry=04h,sivt,init,end_init -ppowerup=CODE \
  -pcinit=CODE -pfunctab=ENTRY -k \
  C:\Users\jjega\AppData\Local\Temp\xcAs9sc.\driver_tmp_15.o \
  dist/default/debug\PIC_LIGHTBLUE_EXPLORER_DEMO.X.debug.o 

Object code version is 3.11

Machine type is 16LF18456



                Name                               Link     Load   Length Selector   Space Scale
C:\Users\jjega\AppData\Local\Temp\xcAs9sc.\driver_tmp_15.o
                stack                              2280     2280      570     2280       2
                end_init                             55       55        2        8       0
                reset_vec                             0        0        2        0       0
                config                             8007     8007        5        0       4
                idloc                              8000     8000        4        0       5
dist/default/debug\PIC_LIGHTBLUE_EXPLORER_DEMO.X.debug.o
                cinit                                57       57       51        8       0
                intentry                              4        4       51        8       0
                config                             8007     8007        5        0       4
                idloc                              8000     8000        4        0       5
                text143                             BB8      BB8       1A     1770       0
                text142                             839      839        4     1072       0
                text141                             811      811        1     1022       0
                text140                             83D      83D        4     107A       0
                text139                             B26      B26       18     164C       0
                text138                             841      841        4     1082       0
                text137                             812      812        1     1024       0
                text136                             845      845        4     108A       0
                text135                             7B9      7B9       39        8       0
                text134                             77C      77C       3D        8       0
                text133                             C62      C62       22     18C4       0
                text132                             C84      C84       22     1908       0
                text131                             813      813        1     1026       0
                text130                             9E8      9E8       11     13D0       0
                text129                             910      910        9     1220       0
                text127                             818      818        3     1030       0
                text126                             81B      81B        3     1036       0
                text125                             81E      81E        3     103C       0
                text124                             B3E      B3E       18     167C       0
                text123                             821      821        3     1042       0
                text122                             824      824        3     1048       0
                text121                             827      827        3     104E       0
                text120                             7F2      7F2        E        8       0
                text119                             CC9      CC9       24     1992       0
                text118                             96F      96F        B     12DE       0
                text117                             9F9      9F9       11     13F2       0
                text116                             A0A      A0A       11     1414       0
                text115                             A1B      A1B       11     1436       0
                text114                             A2C      A2C       11     1458       0
                text113                             A3D      A3D       11     147A       0
                text112                             B56      B56       18     16AC       0
                text111                             A4E      A4E       11     149C       0
                text110                             A5F      A5F       11     14BE       0
                text109                             A70      A70       11     14E0       0
                text108                             B6E      B6E       18     16DC       0
                text107                             814      814        2     1028       0
                text106                             816      816        2     102C       0
                text105                             82A      82A        3     1054       0
                text104                             849      849        4     1092       0
                text103                             82D      82D        3     105A       0
                text102                             84D      84D        4     109A       0
                text101                             85D      85D        5     10BA       0
                text100                             899      899        6     1132       0
                text99                              830      830        3     1060       0
                text98                              E04      E04       2D     1C08       0
                text97                              862      862        5     10C4       0
                text96                              919      919        9     1232       0
                text95                              900      900        8     1200       0
                text94                              4A7      4A7       53        8       0
                text93                              6BD      6BD       43        8       0
                text92                              8F9      8F9        7     11F2       0
                text91                              867      867        5     10CE       0
                text90                              86C      86C        5     10D8       0
                text89                              871      871        5     10E2       0
                text88                              876      876        5     10EC       0
                text87                              87B      87B        5     10F6       0
                text86                              880      880        5     1100       0
                text85                              885      885        5     110A       0
                text84                              88A      88A        5     1114       0
                text83                              D88      D88       28     1B10       0
                text82                              DB0      DB0       29     1B60       0
                text81                              89F      89F        6     113E       0
                text80                              9BF      9BF        D     137E       0
                text79                              C41      C41       21     1882       0
                text78                              88F      88F        5     111E       0
                text77                              9CC      9CC        D     1398       0
                text76                              EED      EED       36     1DDA       0
                text75                              97A      97A        B     12F4       0
                text74                              5E1      5E1       4B        8       0
                text73                              E8C      E8C       30     1D18       0
                text72                              F23      F23       36     1E46       0
                text71                              8A5      8A5        6     114A       0
                text70                              ACD      ACD       16     159A       0
                text69                              908      908        8     1210       0
                text68                              CED      CED       26     19DA       0
                text67                              D13      D13       27     1A26       0
                text66                              93D      93D        A     127A       0
                text65                              DD9      DD9       2B     1BB2       0
                text64                              D3A      D3A       27     1A74       0
                text63                              D61      D61       27     1AC2       0
                text62                              99B      99B        C     1336       0
                text61                              851      851        4     10A2       0
                text60                              855      855        4     10AA       0
                text59                              947      947        A     128E       0
                text58                              E5E      E5E       2E     1CBC       0
                text57                              B0F      B0F       17     161E       0
                text56                              BD2      BD2       1B     17A4       0
                text55                              36E      36E       88        8       0
                text54                              675      675       48        8       0
                text53                              BED      BED       1C     17DA       0
                text52                              9D9      9D9        F     13B2       0
                text51                              F90      F90       38     1F20       0
                text50                               A8       A8       CC        8       0
                text49                              B86      B86       19     170C       0
                text48                              238      238       AA        8       0
                text47                              985      985        B     130A       0
                text46                              990      990        B     1320       0
                text45                              9A7      9A7        C     134E       0
                text44                              922      922        9     1244       0
                text43                              92B      92B        9     1256       0
                text42                              951      951        A     12A2       0
                text41                              3F6      3F6       5E        8       0
                text40                              833      833        3     1066       0
                text39                              CA6      CA6       23     194C       0
                text38                              AA5      AA5       14     154A       0
                text37                              F59      F59       37     1EB2       0
                text36                              4FA      4FA       4E        8       0
                text35                              E31      E31       2D     1C62       0
                text34                              B9F      B9F       19     173E       0
                text33                              454      454       53        8       0
                text32                              548      548       4D        8       0
                text31                              FC8      FC8       38     1F90       0
                text30                              595      595       4C        8       0
                text29                              C09      C09       1C     1812       0
                text28                              9B3      9B3        C     1366       0
                text27                              AE3      AE3       16     15C6       0
                text26                              8AB      8AB        6     1156       0
                text25                              8B1      8B1        6     1162       0
                text24                              8B7      8B7        6     116E       0
                text23                              8BD      8BD        6     117A       0
                text22                              8C3      8C3        6     1186       0
                text21                              73E      73E       3E        8       0
                text20                              8C9      8C9        6     1192       0
                text19                              8CF      8CF        6     119E       0
                text18                              8D5      8D5        6     11AA       0
                text17                              8DB      8DB        6     11B6       0
                text16                              8E1      8E1        6     11C2       0
                text15                              700      700       3E        8       0
                text14                              934      934        9     1268       0
                text13                              95B      95B        A     12B6       0
                text12                              8E7      8E7        6     11CE       0
                text11                              62C      62C       49        8       0
                text10                              965      965        A     12CA       0
                text9                               AB9      AB9       14     1572       0
                text8                               AF9      AF9       16     15F2       0
                text7                               894      894        5     1128       0
                text6                               859      859        4     10B2       0
                text5                               836      836        3     106C       0
                text4                               2E2      2E2       8C        8       0
                text3                               EBC      EBC       31     1D78       0
                text2                               A92      A92       13     1524       0
                text1                               C25      C25       1C     184A       0
                maintext                            174      174       C4        8       0
                cstackBANK0                          20       20       27       20       1
                cstackCOMMON                         70       70        C       70       1
                clrtext                             8ED      8ED        6     11DA       0
                inittext                            8F3      8F3        6     11E6       0
                bssBANK7                            3A0      3A0       50      3A0       1
                bssBANK6                            320      320       50      320       1
                bssBANK5                            2A0      2A0       50      2A0       1
                bssBANK4                            220      220       40      220       1
                dataBANK3                           1A0      1A0       11      1A0       1
                bssBANK2                            120      120       2C      120       1
                bssBANK1                             A0       A0       47       A0       1
                dataBANK0                            6C       6C        2       20       1
                bssBANK0                             47       47       25       20       1
                bssCOMMON                            7C       7C        1       70       1
                stringtext12                       109C     109C        6     2000       0
                stringtext11                       1091     1091        B     2000       0
                stringtext10                       107A     107A        C     2000       0
                nvBANK2                             14C      14C       14      120       1
                nvBANK1                              E7       E7        2       A0       1
                stringtext9                        10A7     10A7        5     2000       0
                stringtext8                        10A2     10A2        5     2000       0
                stringtext7                        1086     1086        B     2000       0
                stringtext6                        10AE     10AE        2     2000       0
                stringtext5                        10AC     10AC        2     2000       0
                stringtext4                        1068     1068       12     2000       0
                stringtext3                        1048     1048       20     2000       0
                stringtext2                        1028     1028       20     2000       0
                stringtext1                        1000     1000       28     2000       0
                idataBANK3                          A81      A81       11     1502       0
                idataBANK0                            2        2        2        0       0

TOTAL           Name                               Link     Load   Length     Space
        CLASS   STACK          
                stack                              2280     2280      570         2

        CLASS   CODE           
                end_init                             55       55        2         0
                cinit                                57       57       51         0
                intentry                              4        4       51         0
                reset_vec                             0        0        2         0
                text143                             BB8      BB8       1A         0
                text142                             839      839        4         0
                text141                             811      811        1         0
                text140                             83D      83D        4         0
                text139                             B26      B26       18         0
                text138                             841      841        4         0
                text137                             812      812        1         0
                text136                             845      845        4         0
                text135                             7B9      7B9       39         0
                text134                             77C      77C       3D         0
                text133                             C62      C62       22         0
                text132                             C84      C84       22         0
                text131                             813      813        1         0
                text130                             9E8      9E8       11         0
                text129                             910      910        9         0
                text127                             818      818        3         0
                text126                             81B      81B        3         0
                text125                             81E      81E        3         0
                text124                             B3E      B3E       18         0
                text123                             821      821        3         0
                text122                             824      824        3         0
                text121                             827      827        3         0
                text120                             7F2      7F2        E         0
                text119                             CC9      CC9       24         0
                text118                             96F      96F        B         0
                text117                             9F9      9F9       11         0
                text116                             A0A      A0A       11         0
                text115                             A1B      A1B       11         0
                text114                             A2C      A2C       11         0
                text113                             A3D      A3D       11         0
                text112                             B56      B56       18         0
                text111                             A4E      A4E       11         0
                text110                             A5F      A5F       11         0
                text109                             A70      A70       11         0
                text108                             B6E      B6E       18         0
                text107                             814      814        2         0
                text106                             816      816        2         0
                text105                             82A      82A        3         0
                text104                             849      849        4         0
                text103                             82D      82D        3         0
                text102                             84D      84D        4         0
                text101                             85D      85D        5         0
                text100                             899      899        6         0
                text99                              830      830        3         0
                text98                              E04      E04       2D         0
                text97                              862      862        5         0
                text96                              919      919        9         0
                text95                              900      900        8         0
                text94                              4A7      4A7       53         0
                text93                              6BD      6BD       43         0
                text92                              8F9      8F9        7         0
                text91                              867      867        5         0
                text90                              86C      86C        5         0
                text89                              871      871        5         0
                text88                              876      876        5         0
                text87                              87B      87B        5         0
                text86                              880      880        5         0
                text85                              885      885        5         0
                text84                              88A      88A        5         0
                text83                              D88      D88       28         0
                text82                              DB0      DB0       29         0
                text81                              89F      89F        6         0
                text80                              9BF      9BF        D         0
                text79                              C41      C41       21         0
                text78                              88F      88F        5         0
                text77                              9CC      9CC        D         0
                text76                              EED      EED       36         0
                text75                              97A      97A        B         0
                text74                              5E1      5E1       4B         0
                text73                              E8C      E8C       30         0
                text72                              F23      F23       36         0
                text71                              8A5      8A5        6         0
                text70                              ACD      ACD       16         0
                text69                              908      908        8         0
                text68                              CED      CED       26         0
                text67                              D13      D13       27         0
                text66                              93D      93D        A         0
                text65                              DD9      DD9       2B         0
                text64                              D3A      D3A       27         0
                text63                              D61      D61       27         0
                text62                              99B      99B        C         0
                text61                              851      851        4         0
                text60                              855      855        4         0
                text59                              947      947        A         0
                text58                              E5E      E5E       2E         0
                text57                              B0F      B0F       17         0
                text56                              BD2      BD2       1B         0
                text55                              36E      36E       88         0
                text54                              675      675       48         0
                text53                              BED      BED       1C         0
                text52                              9D9      9D9        F         0
                text51                              F90      F90       38         0
                text50                               A8       A8       CC         0
                text49                              B86      B86       19         0
                text48                              238      238       AA         0
                text47                              985      985        B         0
                text46                              990      990        B         0
                text45                              9A7      9A7        C         0
                text44                              922      922        9         0
                text43                              92B      92B        9         0
                text42                              951      951        A         0
                text41                              3F6      3F6       5E         0
                text40                              833      833        3         0
                text39                              CA6      CA6       23         0
                text38                              AA5      AA5       14         0
                text37                              F59      F59       37         0
                text36                              4FA      4FA       4E         0
                text35                              E31      E31       2D         0
                text34                              B9F      B9F       19         0
                text33                              454      454       53         0
                text32                              548      548       4D         0
                text31                              FC8      FC8       38         0
                text30                              595      595       4C         0
                text29                              C09      C09       1C         0
                text28                              9B3      9B3        C         0
                text27                              AE3      AE3       16         0
                text26                              8AB      8AB        6         0
                text25                              8B1      8B1        6         0
                text24                              8B7      8B7        6         0
                text23                              8BD      8BD        6         0
                text22                              8C3      8C3        6         0
                text21                              73E      73E       3E         0
                text20                              8C9      8C9        6         0
                text19                              8CF      8CF        6         0
                text18                              8D5      8D5        6         0
                text17                              8DB      8DB        6         0
                text16                              8E1      8E1        6         0
                text15                              700      700       3E         0
                text14                              934      934        9         0
                text13                              95B      95B        A         0
                text12                              8E7      8E7        6         0
                text11                              62C      62C       49         0
                text10                              965      965        A         0
                text9                               AB9      AB9       14         0
                text8                               AF9      AF9       16         0
                text7                               894      894        5         0
                text6                               859      859        4         0
                text5                               836      836        3         0
                text4                               2E2      2E2       8C         0
                text3                               EBC      EBC       31         0
                text2                               A92      A92       13         0
                text1                               C25      C25       1C         0
                maintext                            174      174       C4         0
                clrtext                             8ED      8ED        6         0
                inittext                            8F3      8F3        6         0
                idataBANK3                          A81      A81       11         0
                idataBANK0                            2        2        2         0

        CLASS   STRCODE        
                stringtext12                       109C     109C        6         0
                stringtext11                       1091     1091        B         0
                stringtext10                       107A     107A        C         0
                stringtext9                        10A7     10A7        5         0
                stringtext8                        10A2     10A2        5         0
                stringtext7                        1086     1086        B         0
                stringtext6                        10AE     10AE        2         0
                stringtext5                        10AC     10AC        2         0
                stringtext4                        1068     1068       12         0
                stringtext3                        1048     1048       20         0
                stringtext2                        1028     1028       20         0
                stringtext1                        1000     1000       28         0

        CLASS   STRING         

        CLASS   CONST          

        CLASS   ENTRY          

        CLASS   COMMON         
                cstackCOMMON                         70       70        C         1
                bssCOMMON                            7C       7C        1         1

        CLASS   BANK0          
                cstackBANK0                          20       20       27         1
                dataBANK0                            6C       6C        2         1
                bssBANK0                             47       47       25         1

        CLASS   BANK1          
                bssBANK1                             A0       A0       47         1
                nvBANK1                              E7       E7        2         1

        CLASS   BANK2          
                bssBANK2                            120      120       2C         1
                nvBANK2                             14C      14C       14         1

        CLASS   BANK3          
                dataBANK3                           1A0      1A0       11         1

        CLASS   BANK4          
                bssBANK4                            220      220       40         1

        CLASS   BANK5          
                bssBANK5                            2A0      2A0       50         1

        CLASS   BANK6          
                bssBANK6                            320      320       50         1

        CLASS   BANK7          
                bssBANK7                            3A0      3A0       50         1

        CLASS   BANK8          

        CLASS   BANK9          

        CLASS   BANK10         

        CLASS   BANK11         

        CLASS   BANK12         

        CLASS   BANK13         

        CLASS   BANK14         

        CLASS   BANK15         

        CLASS   BANK16         

        CLASS   BANK17         

        CLASS   BANK18         

        CLASS   BANK19         

        CLASS   BANK20         

        CLASS   BANK21         

        CLASS   BANK22         

        CLASS   BANK23         

        CLASS   BANK24         

        CLASS   BANK25         

        CLASS   BIGRAM         

        CLASS   RAM            

        CLASS   ABS1           
                abs_s1                               7E       7E        2         1

        CLASS   SFR0           

        CLASS   SFR1           

        CLASS   SFR2           

        CLASS   SFR3           

        CLASS   SFR4           

        CLASS   SFR5           

        CLASS   SFR6           

        CLASS   SFR7           

        CLASS   SFR8           

        CLASS   SFR9           

        CLASS   SFR10          

        CLASS   SFR11          

        CLASS   SFR12          

        CLASS   SFR13          

        CLASS   SFR14          

        CLASS   SFR15          

        CLASS   SFR16          

        CLASS   SFR17          

        CLASS   SFR18          

        CLASS   SFR19          

        CLASS   SFR20          

        CLASS   SFR21          

        CLASS   SFR22          

        CLASS   SFR23          

        CLASS   SFR24          

        CLASS   SFR25          

        CLASS   SFR26          

        CLASS   SFR27          

        CLASS   SFR28          

        CLASS   SFR29          

        CLASS   SFR30          

        CLASS   SFR31          

        CLASS   SFR32          

        CLASS   SFR33          

        CLASS   SFR34          

        CLASS   SFR35          

        CLASS   SFR36          

        CLASS   SFR37          

        CLASS   SFR38          

        CLASS   SFR39          

        CLASS   SFR40          

        CLASS   SFR41          

        CLASS   SFR42          

        CLASS   SFR43          

        CLASS   SFR44          

        CLASS   SFR45          

        CLASS   SFR46          

        CLASS   SFR47          

        CLASS   SFR48          

        CLASS   SFR49          

        CLASS   SFR50          

        CLASS   SFR51          

        CLASS   SFR52          

        CLASS   SFR53          

        CLASS   SFR54          

        CLASS   SFR55          

        CLASS   SFR56          

        CLASS   SFR57          

        CLASS   SFR58          

        CLASS   SFR59          

        CLASS   SFR60          

        CLASS   SFR61          

        CLASS   SFR62          

        CLASS   SFR63          

        CLASS   CONFIG         
                config                             8007     8007        5         4

        CLASS   IDLOC          
                idloc                              8000     8000        4         5

        CLASS   EEDATA         

        CLASS   BANK63         

        CLASS   BANK62         

        CLASS   BANK61         

        CLASS   BANK60         

        CLASS   BANK59         

        CLASS   BANK58         

        CLASS   BANK57         

        CLASS   BANK56         

        CLASS   BANK55         

        CLASS   BANK54         

        CLASS   BANK53         

        CLASS   BANK52         

        CLASS   BANK51         

        CLASS   BANK50         

        CLASS   BANK49         

        CLASS   BANK48         

        CLASS   BANK47         

        CLASS   BANK46         

        CLASS   BANK45         

        CLASS   BANK44         

        CLASS   BANK43         

        CLASS   BANK42         

        CLASS   BANK41         

        CLASS   BANK40         

        CLASS   BANK39         

        CLASS   BANK38         

        CLASS   BANK37         

        CLASS   BANK36         

        CLASS   BANK35         

        CLASS   BANK34         

        CLASS   BANK33         

        CLASS   BANK32         

        CLASS   BANK31         

        CLASS   BANK30         

        CLASS   BANK29         

        CLASS   BANK28         

        CLASS   BANK27         

        CLASS   BANK26         

        CLASS   HEAP           



SEGMENTS        Name                           Load    Length   Top    Selector   Space  Class     Delta

                reset_vec                      000000  000004  000004         0       0  CODE        2
                intentry                       000004  0007FC  000800         8       0  CODE        2
                cstackBANK0                    000020  00004E  00006E        20       1  BANK0       1
                cstackCOMMON                   000070  00000D  00007D        70       1  COMMON      1
                bssBANK1                       0000A0  000049  0000E9        A0       1  BANK1       1
                bssBANK2                       000120  000040  000160       120       1  BANK2       1
                dataBANK3                      0001A0  000011  0001B1       1A0       1  BANK3       1
                bssBANK4                       000220  000040  000260       220       1  BANK4       1
                bssBANK5                       0002A0  000050  0002F0       2A0       1  BANK5       1
                bssBANK6                       000320  000050  000370       320       1  BANK6       1
                bssBANK7                       0003A0  000050  0003F0       3A0       1  BANK7       1
                text141                        000811  000001  000812      1022       0  CODE        2
                text137                        000812  000001  000813      1024       0  CODE        2
                text131                        000813  000001  000814      1026       0  CODE        2
                text107                        000814  000002  000816      1028       0  CODE        2
                text106                        000816  000002  000818      102C       0  CODE        2
                text127                        000818  000003  00081B      1030       0  CODE        2
                text126                        00081B  000003  00081E      1036       0  CODE        2
                text125                        00081E  000003  000821      103C       0  CODE        2
                text123                        000821  000003  000824      1042       0  CODE        2
                text122                        000824  000003  000827      1048       0  CODE        2
                text121                        000827  000003  00082A      104E       0  CODE        2
                text105                        00082A  000003  00082D      1054       0  CODE        2
                text103                        00082D  000003  000830      105A       0  CODE        2
                text99                         000830  000003  000833      1060       0  CODE        2
                text40                         000833  000003  000836      1066       0  CODE        2
                text5                          000836  000003  000839      106C       0  CODE        2
                text142                        000839  000004  00083D      1072       0  CODE        2
                text140                        00083D  000004  000841      107A       0  CODE        2
                text138                        000841  000004  000845      1082       0  CODE        2
                text136                        000845  000004  000849      108A       0  CODE        2
                text104                        000849  000004  00084D      1092       0  CODE        2
                text102                        00084D  000004  000851      109A       0  CODE        2
                text61                         000851  000004  000855      10A2       0  CODE        2
                text60                         000855  000004  000859      10AA       0  CODE        2
                text6                          000859  000004  00085D      10B2       0  CODE        2
                text101                        00085D  000005  000862      10BA       0  CODE        2
                text97                         000862  000005  000867      10C4       0  CODE        2
                text91                         000867  000005  00086C      10CE       0  CODE        2
                text90                         00086C  000005  000871      10D8       0  CODE        2
                text89                         000871  000005  000876      10E2       0  CODE        2
                text88                         000876  000005  00087B      10EC       0  CODE        2
                text87                         00087B  000005  000880      10F6       0  CODE        2
                text86                         000880  000005  000885      1100       0  CODE        2
                text85                         000885  000005  00088A      110A       0  CODE        2
                text84                         00088A  000005  00088F      1114       0  CODE        2
                text78                         00088F  000005  000894      111E       0  CODE        2
                text7                          000894  000005  000899      1128       0  CODE        2
                text100                        000899  000006  00089F      1132       0  CODE        2
                text81                         00089F  000006  0008A5      113E       0  CODE        2
                text71                         0008A5  000006  0008AB      114A       0  CODE        2
                text26                         0008AB  000006  0008B1      1156       0  CODE        2
                text25                         0008B1  000006  0008B7      1162       0  CODE        2
                text24                         0008B7  000006  0008BD      116E       0  CODE        2
                text23                         0008BD  000006  0008C3      117A       0  CODE        2
                text22                         0008C3  000006  0008C9      1186       0  CODE        2
                text20                         0008C9  000006  0008CF      1192       0  CODE        2
                text19                         0008CF  000006  0008D5      119E       0  CODE        2
                text18                         0008D5  000006  0008DB      11AA       0  CODE        2
                text17                         0008DB  000006  0008E1      11B6       0  CODE        2
                text16                         0008E1  000006  0008E7      11C2       0  CODE        2
                text12                         0008E7  000006  0008ED      11CE       0  CODE        2
                clrtext                        0008ED  000006  0008F3      11DA       0  CODE        2
                inittext                       0008F3  000006  0008F9      11E6       0  CODE        2
                text92                         0008F9  000007  000900      11F2       0  CODE        2
                text95                         000900  000008  000908      1200       0  CODE        2
                text69                         000908  000008  000910      1210       0  CODE        2
                text129                        000910  000009  000919      1220       0  CODE        2
                text96                         000919  000009  000922      1232       0  CODE        2
                text44                         000922  000009  00092B      1244       0  CODE        2
                text43                         00092B  000009  000934      1256       0  CODE        2
                text14                         000934  000009  00093D      1268       0  CODE        2
                text66                         00093D  00000A  000947      127A       0  CODE        2
                text59                         000947  00000A  000951      128E       0  CODE        2
                text42                         000951  00000A  00095B      12A2       0  CODE        2
                text13                         00095B  00000A  000965      12B6       0  CODE        2
                text10                         000965  00000A  00096F      12CA       0  CODE        2
                text118                        00096F  00000B  00097A      12DE       0  CODE        2
                text75                         00097A  00000B  000985      12F4       0  CODE        2
                text47                         000985  00000B  000990      130A       0  CODE        2
                text46                         000990  00000B  00099B      1320       0  CODE        2
                text62                         00099B  00000C  0009A7      1336       0  CODE        2
                text45                         0009A7  00000C  0009B3      134E       0  CODE        2
                text28                         0009B3  00000C  0009BF      1366       0  CODE        2
                text80                         0009BF  00000D  0009CC      137E       0  CODE        2
                text77                         0009CC  00000D  0009D9      1398       0  CODE        2
                text52                         0009D9  00000F  0009E8      13B2       0  CODE        2
                text130                        0009E8  000011  0009F9      13D0       0  CODE        2
                text117                        0009F9  000011  000A0A      13F2       0  CODE        2
                text116                        000A0A  000011  000A1B      1414       0  CODE        2
                text115                        000A1B  000011  000A2C      1436       0  CODE        2
                text114                        000A2C  000011  000A3D      1458       0  CODE        2
                text113                        000A3D  000011  000A4E      147A       0  CODE        2
                text111                        000A4E  000011  000A5F      149C       0  CODE        2
                text110                        000A5F  000011  000A70      14BE       0  CODE        2
                text109                        000A70  000011  000A81      14E0       0  CODE        2
                idataBANK3                     000A81  000011  000A92      1502       0  CODE        2
                text2                          000A92  000013  000AA5      1524       0  CODE        2
                text38                         000AA5  000014  000AB9      154A       0  CODE        2
                text9                          000AB9  000014  000ACD      1572       0  CODE        2
                text70                         000ACD  000016  000AE3      159A       0  CODE        2
                text27                         000AE3  000016  000AF9      15C6       0  CODE        2
                text8                          000AF9  000016  000B0F      15F2       0  CODE        2
                text57                         000B0F  000017  000B26      161E       0  CODE        2
                text139                        000B26  000018  000B3E      164C       0  CODE        2
                text124                        000B3E  000018  000B56      167C       0  CODE        2
                text112                        000B56  000018  000B6E      16AC       0  CODE        2
                text108                        000B6E  000018  000B86      16DC       0  CODE        2
                text49                         000B86  000019  000B9F      170C       0  CODE        2
                text34                         000B9F  000019  000BB8      173E       0  CODE        2
                text143                        000BB8  00001A  000BD2      1770       0  CODE        2
                text56                         000BD2  00001B  000BED      17A4       0  CODE        2
                text53                         000BED  00001C  000C09      17DA       0  CODE        2
                text29                         000C09  00001C  000C25      1812       0  CODE        2
                text1                          000C25  00001C  000C41      184A       0  CODE        2
                text79                         000C41  000021  000C62      1882       0  CODE        2
                text133                        000C62  000022  000C84      18C4       0  CODE        2
                text132                        000C84  000022  000CA6      1908       0  CODE        2
                text39                         000CA6  000023  000CC9      194C       0  CODE        2
                text119                        000CC9  000024  000CED      1992       0  CODE        2
                text68                         000CED  000026  000D13      19DA       0  CODE        2
                text67                         000D13  000027  000D3A      1A26       0  CODE        2
                text64                         000D3A  000027  000D61      1A74       0  CODE        2
                text63                         000D61  000027  000D88      1AC2       0  CODE        2
                text83                         000D88  000028  000DB0      1B10       0  CODE        2
                text82                         000DB0  000029  000DD9      1B60       0  CODE        2
                text65                         000DD9  00002B  000E04      1BB2       0  CODE        2
                text98                         000E04  00002D  000E31      1C08       0  CODE        2
                text35                         000E31  00002D  000E5E      1C62       0  CODE        2
                text58                         000E5E  00002E  000E8C      1CBC       0  CODE        2
                text73                         000E8C  000030  000EBC      1D18       0  CODE        2
                text3                          000EBC  000031  000EED      1D78       0  CODE        2
                text76                         000EED  000036  000F23      1DDA       0  CODE        2
                text72                         000F23  000036  000F59      1E46       0  CODE        2
                text37                         000F59  000037  000F90      1EB2       0  CODE        2
                text51                         000F90  000038  000FC8      1F20       0  CODE        2
                text31                         000FC8  000038  001000      1F90       0  CODE        2
                stringtext1                    001000  0000B0  0010B0      2000       0  STRCODE     2
                stack                          002280  000570  0027F0      2280       2  STACK       1


UNUSED ADDRESS RANGES

        Name                Unused          Largest block    Delta
        BANK0            0006E-0006F               2           1
        BANK1            000E9-000EF               7           1
        BANK10           00520-0056F              50           1
        BANK11           005A0-005EF              50           1
        BANK12           00620-0066F              50           1
        BANK13           006A0-006EF              50           1
        BANK14           00720-0076F              50           1
        BANK15           007A0-007EF              50           1
        BANK16           00820-0086F              50           1
        BANK17           008A0-008EF              50           1
        BANK18           00920-0096F              50           1
        BANK19           009A0-009EF              50           1
        BANK2            00160-0016F              10           1
        BANK20           00A20-00A6F              50           1
        BANK21           00AA0-00AEF              50           1
        BANK22           00B20-00B6F              50           1
        BANK23           00BA0-00BEF              50           1
        BANK24           00C20-00C6F              50           1
        BANK25           00CA0-00CBF              20           1
        BANK3            001B1-001EF              3F           1
        BANK4            00260-0026F              10           1
        BANK8            00420-0046F              50           1
        BANK9            004A0-004EF              50           1
        BIGRAM           02000-027EF             7F0           1
        CODE             00800-00810              11           2
                         010B0-03FFF             800
        COMMON           0007D-0007D               1           1
        CONST            00800-00810              11           2
                         010B0-03FFF             100
        EEDATA           0F000-0F0FF             100           2
        ENTRY            00800-00810              11           2
                         010B0-03FFF             100
        RAM              0006E-0006F               2           1
                         000E9-000EF               7
                         00160-0016F              10
                         001B1-001EF              3F
                         00260-0026F              10
                         00420-0046F              50
                         004A0-004EF              50
                         00520-0056F              50
                         005A0-005EF              50
                         00620-0066F              50
                         006A0-006EF              50
                         00720-0076F              50
                         007A0-007EF              50
                         00820-0086F              50
                         008A0-008EF              50
                         00920-0096F              50
                         009A0-009EF              50
                         00A20-00A6F              50
                         00AA0-00AEF              50
                         00B20-00B6F              50
                         00BA0-00BEF              50
                         00C20-00C6F              50
                         00CA0-00CBF              20
        SFR0             00000-0001F              20           1
        SFR1             00080-0009F              20           1
        SFR10            00500-0051F              20           1
        SFR11            00580-0059F              20           1
        SFR12            00600-0061F              20           1
        SFR13            00680-0069F              20           1
        SFR14            00700-0071F              20           1
        SFR15            00780-0079F              20           1
        SFR16            00800-0081F              20           1
        SFR17            00880-0089F              20           1
        SFR18            00900-0091F              20           1
        SFR19            00980-0099F              20           1
        SFR2             00100-0011F              20           1
        SFR20            00A00-00A1F              20           1
        SFR21            00A80-00A9F              20           1
        SFR22            00B00-00B1F              20           1
        SFR23            00B80-00B9F              20           1
        SFR24            00C00-00C1F              20           1
        SFR25            00C80-00C9F              20           1
        SFR26            00D00-00D6F              70           1
        SFR27            00D80-00DEF              70           1
        SFR28            00E00-00E6F              70           1
        SFR29            00E80-00EEF              70           1
        SFR3             00180-0019F              20           1
        SFR30            00F00-00F6F              70           1
        SFR31            00F80-00FEF              70           1
        SFR32            01000-0106F              70           1
        SFR33            01080-010EF              70           1
        SFR34            01100-0116F              70           1
        SFR35            01180-011EF              70           1
        SFR36            01200-0126F              70           1
        SFR37            01280-012EF              70           1
        SFR38            01300-0136F              70           1
        SFR39            01380-013EF              70           1
        SFR4             00200-0021F              20           1
        SFR40            01400-0146F              70           1
        SFR41            01480-014EF              70           1
        SFR42            01500-0156F              70           1
        SFR43            01580-015EF              70           1
        SFR44            01600-0166F              70           1
        SFR45            01680-016EF              70           1
        SFR46            01700-0176F              70           1
        SFR47            01780-017EF              70           1
        SFR48            01800-0186F              70           1
        SFR49            01880-018EF              70           1
        SFR5             00280-0029F              20           1
        SFR50            01900-0196F              70           1
        SFR51            01980-019EF              70           1
        SFR52            01A00-01A6F              70           1
        SFR53            01A80-01AEF              70           1
        SFR54            01B00-01B6F              70           1
        SFR55            01B80-01BEF              70           1
        SFR56            01C00-01C6F              70           1
        SFR57            01C80-01CEF              70           1
        SFR58            01D00-01D6F              70           1
        SFR59            01D80-01DEF              70           1
        SFR6             00300-0031F              20           1
        SFR60            01E00-01E6F              70           1
        SFR61            01E80-01EEF              70           1
        SFR62            01F00-01F6F              70           1
        SFR63            01F80-01FEF              70           1
        SFR7             00380-0039F              20           1
        SFR8             00400-0041F              20           1
        SFR9             00480-0049F              20           1
        STRCODE          00800-00810              11           2
                         010B0-03FFF            2F50
        STRING           00800-00810              11           2
                         010B0-03FFF             100

                                  Symbol Table

?_strchr                                                   cstackCOMMON 00071
?_strlen                                                   cstackCOMMON 00071
?_strncmp                                                  cstackCOMMON 00071
?_strstr                                                   cstackCOMMON 00077
DELAY_milliseconds@milliseconds                            cstackCOMMON 00071
EUSART1_Read@readValue                                     cstackCOMMON 00072
EUSART1_SetErrorHandler@interruptHandler                   cstackCOMMON 00071
EUSART1_SetFramingErrorHandler@interruptHandler            cstackCOMMON 00071
EUSART1_SetOverrunErrorHandler@interruptHandler            cstackCOMMON 00071
EUSART1_SetRxInterruptHandler@interruptHandler             cstackCOMMON 00071
EUSART1_SetTxInterruptHandler@interruptHandler             cstackCOMMON 00071
EUSART1_Write@txData                                       cstackCOMMON 00071
EUSART2_Read@readValue                                     cstackCOMMON 00072
EUSART2_SetErrorHandler@interruptHandler                   cstackCOMMON 00071
EUSART2_SetFramingErrorHandler@interruptHandler            cstackCOMMON 00071
EUSART2_SetOverrunErrorHandler@interruptHandler            cstackCOMMON 00071
EUSART2_SetRxInterruptHandler@interruptHandler             cstackCOMMON 00071
EUSART2_SetTxInterruptHandler@interruptHandler             cstackCOMMON 00071
EUSART2_Write@txData                                       cstackCOMMON 00071
I2C1_CallbackReturnReset@funPtr                            cstackCOMMON 00078
I2C1_Close@returnValue                                     cstackCOMMON 00071
I2C1_MasterOperation@read                                  cstackBANK0  00022
I2C1_MasterOperation@returnValue                           cstackBANK0  00023
I2C1_MasterSendTxData@data                                 cstackCOMMON 00071
I2C1_Open@address                                          cstackCOMMON 00071
I2C1_Open@returnValue                                      cstackCOMMON 00072
I2C1_SetAddressNackCallback@cb                             cstackCOMMON 00075
I2C1_SetAddressNackCallback@ptr                            cstackCOMMON 00077
I2C1_SetBuffer@buffer                                      cstackCOMMON 00073
I2C1_SetBuffer@bufferSize                                  cstackCOMMON 00071
I2C1_SetCallback@cb                                        cstackCOMMON 00071
I2C1_SetCallback@idx                                       cstackCOMMON 00074
I2C1_SetCallback@ptr                                       cstackCOMMON 00073
I2C1_SetDataCompleteCallback@cb                            cstackCOMMON 00075
I2C1_SetDataCompleteCallback@ptr                           cstackCOMMON 00077
IOCAF6_SetInterruptHandler@InterruptHandler                cstackCOMMON 00071
LIGHTBLUE_AccState@acc                                     cstackBANK0  00020
LIGHTBLUE_AccState@payload                                 cstackBANK0  00021
LIGHTBLUE_ParseIncomingPacket@data                         bssBANK0     0004B
LIGHTBLUE_ParseIncomingPacket@length                       bssBANK0     00066
LIGHTBLUE_ParseIncomingPacket@packetID                     bssBANK0     00065
LIGHTBLUE_ParseIncomingPacket@parserState                  bssBANK0     00067
LIGHTBLUE_ParseIncomingPacket@receivedByte                 cstackBANK0  00033
LIGHTBLUE_PerformAction@data                               cstackBANK0  00027
LIGHTBLUE_PerformAction@id                                 cstackBANK0  00029
LIGHTBLUE_PerformAction@led                                cstackBANK0  0002A
LIGHTBLUE_SendPacket@packetID                              cstackCOMMON 0007A
LIGHTBLUE_SendPacket@payload                               cstackCOMMON 00077
LIGHTBLUE_SendSerialData@length                            cstackCOMMON 00078
LIGHTBLUE_SendSerialData@serialData                        cstackCOMMON 00079
LIGHTBLUE_SetErrorLedValue@value                           cstackBANK0  00026
LIGHTBLUE_SplitByte@payload                                cstackCOMMON 00078
LIGHTBLUE_SplitByte@value                                  cstackCOMMON 00076
RN487X_Delay@delayCount                                    cstackCOMMON 00074
RN487X_EnterCmdMode@cmdPrompt                              stringtext9  010A7
RN487X_EnterDataMode@cmdPrompt                             stringtext8  010A2
RN487X_FilterData@asyncBuffering                           bssBANK0     0005E
RN487X_FilterData@readChar                                 cstackBANK0  00044
RN487X_GetInputsValues@F12909                              dataBANK0    0006C
RN487X_IndicateRx@value                                    cstackCOMMON 00071
RN487X_MessageHandler@message                              cstackBANK0  00042
RN487X_MessageHandler@messageType                          cstackCOMMON 0007B
RN487X_ReadDefaultResponse@resp                            cstackCOMMON 00073
RN487X_ReadDefaultResponse@status                          cstackCOMMON 00076
RN487X_ReadMsg@expectedMsg                                 cstackCOMMON 00073
RN487X_ReadMsg@index                                       cstackCOMMON 00079
RN487X_ReadMsg@msgLen                                      cstackCOMMON 00075
RN487X_ReadMsg@resp                                        cstackCOMMON 00078
RN487X_RebootCmd@reboot                                    stringtext7  01086
RN487X_Reset@value                                         cstackCOMMON 00071
RN487X_SendCmd@cmd                                         cstackCOMMON 0007A
RN487X_SendCmd@cmdLen                                      cstackCOMMON 00077
RN487X_SendCmd@index                                       cstackCOMMON 00079
RN487X_SetAsyncMessageHandler@len                          cstackCOMMON 00071
RN487X_SetAsyncMessageHandler@pBuffer                      cstackCOMMON 00072
RN487X_SetOutputs@bitMap                                   cstackBANK0  00020
RN487X_SetOutputs@ioHighNibble                             cstackBANK0  00024
RN487X_SetOutputs@ioLowNibble                              cstackBANK0  00022
RN487X_SetOutputs@stateHighNibble                          cstackBANK0  00025
RN487X_SetOutputs@stateLowNibble                           cstackBANK0  00023
RN487X_SetSystemMode@mode                                  cstackCOMMON 00071
RN487X_Write@txData                                        cstackCOMMON 00076
_ACC_Interrupt_is_high                                     text6        00859
_ANSELA                                                    (abs)        01F38
_ANSELB                                                    (abs)        01F43
_ANSELC                                                    (abs)        01F4E
_BAUD1CON                                                  (abs)        0011F
_BAUD2CON                                                  (abs)        00A1F
_BMA253_Initialize                                         text72       00F23
_DELAY_milliseconds                                        text70       00ACD
_EUSART1_DefaultErrorHandler                               text142      00839
_EUSART1_DefaultFramingErrorHandler                        text141      00811
_EUSART1_DefaultOverrunErrorHandler                        text140      0083D
_EUSART1_ErrorHandler                                      nvBANK2      0014C
_EUSART1_FramingErrorHandler                               nvBANK2      00150
_EUSART1_Initialize                                        text21       0073E
_EUSART1_OverrunErrorHandler                               nvBANK2      0014E
_EUSART1_Read                                              text67       00D13
_EUSART1_Receive_ISR                                       text134      0077C
_EUSART1_RxDataHandler                                     text143      00BB8
_EUSART1_RxDefaultInterruptHandler                         nvBANK2      00152
_EUSART1_SetErrorHandler                                   text26       008AB
_EUSART1_SetFramingErrorHandler                            text25       008B1
_EUSART1_SetOverrunErrorHandler                            text24       008B7
_EUSART1_SetRxInterruptHandler                             text23       008BD
_EUSART1_SetTxInterruptHandler                             text22       008C3
_EUSART1_Transmit_ISR                                      text132      00C84
_EUSART1_TxDefaultInterruptHandler                         nvBANK2      00154
_EUSART1_Write                                             text63       00D61
_EUSART1_is_rx_ready                                       text43       0092B
_EUSART1_is_tx_done                                        text60       00855
_EUSART1_is_tx_ready                                       (abs)        00000
_EUSART2_DefaultErrorHandler                               text138      00841
_EUSART2_DefaultFramingErrorHandler                        text137      00812
_EUSART2_DefaultOverrunErrorHandler                        text136      00845
_EUSART2_ErrorHandler                                      nvBANK2      00156
_EUSART2_FramingErrorHandler                               nvBANK2      0015A
_EUSART2_Initialize                                        text15       00700
_EUSART2_OverrunErrorHandler                               nvBANK2      00158
_EUSART2_Read                                              text68       00CED
_EUSART2_Receive_ISR                                       text135      007B9
_EUSART2_RxDataHandler                                     text139      00B26
_EUSART2_RxDefaultInterruptHandler                         nvBANK2      0015C
_EUSART2_SetErrorHandler                                   text20       008C9
_EUSART2_SetFramingErrorHandler                            text19       008CF
_EUSART2_SetOverrunErrorHandler                            text18       008D5
_EUSART2_SetRxInterruptHandler                             text17       008DB
_EUSART2_SetTxInterruptHandler                             text16       008E1
_EUSART2_Transmit_ISR                                      text133      00C62
_EUSART2_TxDefaultInterruptHandler                         nvBANK2      0015E
_EUSART2_Write                                             text64       00D3A
_EUSART2_is_rx_ready                                       text44       00922
_EUSART2_is_tx_done                                        text61       00851
_EUSART2_is_tx_ready                                       (abs)        00000
_I2C1_CallbackReturnReset                                  text106      00816
_I2C1_CallbackReturnStop                                   text107      00814
_I2C1_Close                                                text124      00B3E
_I2C1_DO_ADDRESS_NACK                                      text83       00D88
_I2C1_DO_IDLE                                              text97       00862
_I2C1_DO_RCEN                                              text92       008F9
_I2C1_DO_RESET                                             text84       0088A
_I2C1_DO_RX                                                text93       006BD
_I2C1_DO_RX_ACK                                            text87       0087B
_I2C1_DO_RX_NACK_RESTART                                   text85       00885
_I2C1_DO_RX_NACK_STOP                                      text86       00880
_I2C1_DO_SEND_ADR_READ                                     text96       00919
_I2C1_DO_SEND_ADR_WRITE                                    text95       00900
_I2C1_DO_SEND_RESTART                                      text89       00871
_I2C1_DO_SEND_RESTART_READ                                 text91       00867
_I2C1_DO_SEND_RESTART_WRITE                                text90       0086C
_I2C1_DO_SEND_STOP                                         text88       00876
_I2C1_DO_TX                                                text94       004A7
_I2C1_DO_TX_EMPTY                                          text98       00E04
_I2C1_Initialize                                           text14       00934
_I2C1_MasterClearIrq                                       text127      00818
_I2C1_MasterClose                                          text126      0081B
_I2C1_MasterDisableIrq                                     text125      0081E
_I2C1_MasterEnableRestart                                  text122      00824
_I2C1_MasterFsm                                            text82       00DB0
_I2C1_MasterGetRxData                                      text103      0082D
_I2C1_MasterIsNack                                         text100      00899
_I2C1_MasterOpen                                           text77       009CC
_I2C1_MasterOperation                                      text79       00C41
_I2C1_MasterSendAck                                        text102      0084D
_I2C1_MasterSendNack                                       text104      00849
_I2C1_MasterSendTxData                                     text101      0085D
_I2C1_MasterSetIrq                                         text99       00830
_I2C1_MasterStart                                          text123      00821
_I2C1_MasterStartRx                                        text105      0082A
_I2C1_MasterStop                                           text121      00827
_I2C1_MasterWaitForEvent                                   text81       0089F
_I2C1_MasterWrite                                          text78       0088F
_I2C1_Open                                                 text76       00EED
_I2C1_Poller                                               text80       009BF
_I2C1_SetAddressNackCallback                               text75       0097A
_I2C1_SetBuffer                                            text120      007F2
_I2C1_SetCallback                                          text119      00CC9
_I2C1_SetDataCompleteCallback                              text118      0096F
_I2C1_Status                                               bssBANK1     000A0
_INLVLA                                                    (abs)        01F3C
_INLVLB                                                    (abs)        01F47
_INLVLC                                                    (abs)        01F52
_INTCONbits                                                (abs)        0000B
_INTERRUPT_InterruptManager                                intentry     00004
_IOCAF6_DefaultInterruptHandler                            text131      00813
_IOCAF6_ISR                                                text130      009E8
_IOCAF6_InterruptHandler                                   nvBANK1      000E7
_IOCAF6_SetInterruptHandler                                text12       008E7
_IOCAFbits                                                 (abs)        01F3F
_IOCANbits                                                 (abs)        01F3E
_IOCAPbits                                                 (abs)        01F3D
_LATA                                                      (abs)        00018
_LATAbits                                                  (abs)        00018
_LATB                                                      (abs)        00019
_LATC                                                      (abs)        0001A
_LATCbits                                                  (abs)        0001A
_LATE                                                      (abs)        0001C
_LIGHTBLUE_AccState                                        text2        00A92
_LIGHTBLUE_GetAccState                                     text5        00836
_LIGHTBLUE_Initialize                                      text71       008A5
_LIGHTBLUE_ParseIncomingPacket                             text50       000A8
_LIGHTBLUE_ParseIncomingPacket$455                         cstackBANK0  0002D
_LIGHTBLUE_ParseIncomingPacket$456                         cstackBANK0  0002F
_LIGHTBLUE_ParseIncomingPacket$457                         cstackBANK0  00031
_LIGHTBLUE_PerformAction                                   text51       00F90
_LIGHTBLUE_SendPacket                                      text4        002E2
_LIGHTBLUE_SendSerialData                                  text48       00238
_LIGHTBLUE_SetErrorLedValue                                text52       009D9
_LIGHTBLUE_SplitByte                                       text3        00EBC
_LIGHTBLUE_UpdateErrorLed                                  text53       00BED
_ODCONA                                                    (abs)        01F3A
_ODCONB                                                    (abs)        01F45
_ODCONC                                                    (abs)        01F50
_ODCONE                                                    (abs)        01F66
_OSCCON1                                                   (abs)        0088D
_OSCCON3                                                   (abs)        0088F
_OSCEN                                                     (abs)        00891
_OSCFRQ                                                    (abs)        00893
_OSCILLATOR_Initialize                                     text13       0095B
[...]
_do_I2C_SEND_STOP                                          (abs)        00000
_do_I2C_TX                                                 (abs)        00000
_do_I2C_TX_EMPTY                                           (abs)        00000
_eusart1RxBuffer                                           bssBANK2     00144
_eusart1RxCount                                            bssBANK0     00052
_eusart1RxHead                                             bssBANK0     00054
_eusart1RxLastError                                        bssBANK0     00051
_eusart1RxStatusBuffer                                     bssBANK1     000BD
_eusart1RxTail                                             bssBANK0     00053
_eusart1TxBuffer                                           bssBANK1     000C5
_eusart1TxBufferRemaining                                  bssBANK0     00055
_eusart1TxHead                                             bssBANK0     00057
_eusart1TxTail                                             bssBANK0     00056
_eusart2RxBuffer                                           bssBANK1     000D5
_eusart2RxCount                                            bssBANK0     00059
_eusart2RxHead                                             bssCOMMON    0007C
_eusart2RxLastError                                        bssBANK0     00058
_eusart2RxStatusBuffer                                     bssBANK1     000CD
_eusart2RxTail                                             bssBANK0     0005A
_eusart2TxBuffer                                           bssBANK1     000DD
_eusart2TxBufferRemaining                                  bssBANK0     0005B
_eusart2TxHead                                             bssBANK0     0005D
_eusart2TxTail                                             bssBANK0     0005C
_flats                                                     bssBANK0     0004F
_fsmStateTable                                             stringtext3  01048
_i2c1_driver_busCollisionISR                               bssBANK0     00049
_i2c1_driver_i2cISR                                        bssBANK1     000E5
_i2c1_fsmStateTable                                        stringtext2  01028
_i2c_ISR                                                   (abs)        00000
_i2c_busCollisionISR                                       (abs)        00000
_i2c_read1ByteRegister                                     text74       005E1
_i2c_status                                                bssBANK2     00120
_i2c_write1ByteRegister                                    text73       00E8C
_iNTERRUPTbits                                             bssBANK0     00069
_lightBlueSerial                                           bssBANK5     002A0
_main                                                      maintext     00174
_main$4815                                                 cstackBANK0  00046
_pHead                                                     bssBANK0     00061
_peek                                                      bssBANK0     00060
_rad                                                       bssBANK0     0006A
_rd1RegCompleteHandler                                     text115      00A1B
_rd1RegCompleteHandler@i2c1_master_example$F1232           text111      00A4E
_rd2RegCompleteHandler                                     text114      00A2C
_rd2RegCompleteHandler@i2c1_master_example$F1243           text110      00A5F
_rdBlkRegCompleteHandler                                   text112      00B56
_rdBlkRegCompleteHandler@i2c1_master_example$F1266         text108      00B6E
_returnReset                                               (abs)        00000
_returnStop                                                (abs)        00000
_rn487x_PrintIndicatorCharacters                           text39       00CA6
_rn487x_PrintMessage                                       text37       00F59
_rn487x_PrintMessageEnd                                    text36       004FA
_rn487x_PrintMessageStart                                  text35       00E31
_sequenceNumber                                            bssBANK0     00068
_serialIndex                                               bssBANK0     00050
_service_acceleremoterInterrupt                            text1        00C25
_statusBuffer                                              bssBANK6     00320
_statusBuffer@main$F3823                                   bssBANK7     003A0
_strchr                                                    text34       00B9F
_strcpy                                                    text38       00AA5
_strlen                                                    text49       00B86
_strncmp                                                   text33       00454
_strstr                                                    text32       00548
_timer0ReloadVal16bit                                      bssBANK0     00047
_uart                                                      stringtext1  01000
_wr1RegCompleteHandler                                     text116      00A0A
_wr1RegCompleteHandler@i2c1_master_example$F1249           text109      00A70
_wr2RegCompleteHandler                                     text113      00A3D
_wr2RegCompleteHandler@i2c1_master_example$F1255           text117      009F9
btemp                                                      (abs)        0007E
clear_ram0                                                 clrtext      008ED
end_of_initialization                                      cinit        000A4
i2c_read1ByteRegister@address                              cstackBANK0  00025
i2c_read1ByteRegister@d2                                   cstackBANK0  00029
i2c_read1ByteRegister@e                                    cstackBANK0  00026
i2c_read1ByteRegister@reg                                  cstackBANK0  00024
i2c_read1ByteRegister@x                                    cstackBANK0  00027
i2c_write1ByteRegister@address                             cstackCOMMON 0007B
i2c_write1ByteRegister@data                                cstackBANK0  00025
i2c_write1ByteRegister@reg                                 cstackBANK0  00024
init_ram                                                   inittext     008F3
int$flags                                                  (abs)        0007E
intlevel0                                                  functab      00000
intlevel1                                                  functab      00000
intlevel2                                                  functab      00000
intlevel3                                                  functab      00000
intlevel4                                                  functab      00000
intlevel5                                                  functab      00000
rd1RegCompleteHandler@i2c1_master_example$F1232@ptr        cstackCOMMON 00078
rd1RegCompleteHandler@p                                    cstackCOMMON 00078
rd2RegCompleteHandler@i2c1_master_example$F1243@ptr        cstackCOMMON 00078
rd2RegCompleteHandler@p                                    cstackCOMMON 00078
rdBlkRegCompleteHandler@i2c1_master_example$F1266@ptr      cstackCOMMON 00078
rdBlkRegCompleteHandler@p                                  cstackCOMMON 00078
reset_vec                                                  reset_vec    00000
rn487x_PrintIndicatorCharacters@messageType                cstackCOMMON 00073
rn487x_PrintMessage@messageIndex                           cstackBANK0  00041
rn487x_PrintMessage@passedMessage                          cstackBANK0  00040
rn487x_PrintMessage@printCharacter                         cstackBANK0  00020
start                                                      init         00055
start_initialization                                       cinit        00057
strchr@c                                                   cstackCOMMON 00071
strchr@s                                                   cstackCOMMON 00073
strcpy@d                                                   cstackCOMMON 00073
strcpy@dest                                                cstackCOMMON 00072
strcpy@src                                                 cstackCOMMON 00071
strlen@a                                                   cstackCOMMON 00074
strlen@s                                                   cstackCOMMON 00071
strncmp@l                                                  cstackCOMMON 00076
strncmp@n                                                  cstackCOMMON 00073
strncmp@r                                                  cstackCOMMON 00071
strstr@h                                                   cstackBANK0  00022
strstr@n                                                   cstackCOMMON 00077
strstr@nl                                                  cstackBANK0  00020
wr1RegCompleteHandler@i2c1_master_example$F1249@ptr        cstackCOMMON 00078
wr1RegCompleteHandler@p                                    cstackCOMMON 00078
wr2RegCompleteHandler@i2c1_master_example$F1255@ptr        cstackCOMMON 00078
wr2RegCompleteHandler@p                                    cstackCOMMON 00078
wtemp0                                                     (abs)        0007E


MODULE INFORMATION

Module		Function		Class		Link	Load	Size
mcc_generated_files/examples/i2c1_master_example.c
		_rd1RegCompleteHandler@i2c1_master_example$F1232		CODE           	0A4E	0000	17
		_rd2RegCompleteHandler@i2c1_master_example$F1243		CODE           	0A5F	0000	17
		_rdBlkRegCompleteHandler@i2c1_master_example$F1266		CODE           	0B6E	0000	24
		_wr1RegCompleteHandler@i2c1_master_example$F1249		CODE           	0A70	0000	17
		_wr2RegCompleteHandler@i2c1_master_example$F1255		CODE           	09F9	0000	17

mcc_generated_files/examples/i2c1_master_example.c estimated size: 92

mcc_generated_files/eusart2.c
		_EUSART2_Read  		CODE           	0CED	0000	38
		_EUSART2_SetOverrunErrorHandler		CODE           	08D5	0000	6
		_EUSART2_SetErrorHandler		CODE           	08C9	0000	6
		_EUSART2_Write 		CODE           	0D3A	0000	39
		_EUSART2_Receive_ISR		CODE           	07B9	0000	57
		_EUSART2_RxDataHandler		CODE           	0B26	0000	24
		_EUSART2_DefaultOverrunErrorHandler		CODE           	0845	0000	4
		_EUSART2_Transmit_ISR		CODE           	0C62	0000	34
		_EUSART2_DefaultFramingErrorHandler		CODE           	0812	0000	1
		_EUSART2_is_tx_done		CODE           	0851	0000	4
		_EUSART2_SetRxInterruptHandler		CODE           	08DB	0000	6
		_EUSART2_SetTxInterruptHandler		CODE           	08E1	0000	6
		_EUSART2_is_rx_ready		CODE           	0922	0000	9
		_EUSART2_Initialize		CODE           	0700	0000	62
		_EUSART2_DefaultErrorHandler		CODE           	0841	0000	4
		_EUSART2_SetFramingErrorHandler		CODE           	08CF	0000	6

mcc_generated_files/eusart2.c estimated size: 306

mcc_generated_files/i2c1_master.c
		_I2C1_DO_SEND_RESTART		CODE           	0871	0000	5
		_I2C1_DO_TX_EMPTY		CODE           	0E04	0000	45
		_I2C1_DO_SEND_RESTART_READ		CODE           	0867	0000	5
		_I2C1_CallbackReturnStop		CODE           	0814	0000	2
		_I2C1_DO_RX    		CODE           	06BD	0000	67
		_I2C1_DO_TX    		CODE           	04A7	0000	83
		_I2C1_SetAddressNackCallback		CODE           	097A	0000	11
		_I2C1_DO_IDLE  		CODE           	0862	0000	5
		_I2C1_MasterOpen		CODE           	09CC	0000	13
		_I2C1_DO_RCEN  		CODE           	08F9	0000	7
		_I2C1_MasterSendTxData		CODE           	085D	0000	5
		_I2C1_MasterStop		CODE           	0827	0000	3
		_I2C1_CallbackReturnReset		CODE           	0816	0000	2
		_I2C1_DO_RESET 		CODE           	088A	0000	5
		_I2C1_MasterStartRx		CODE           	082A	0000	3
		_I2C1_Poller   		CODE           	09BF	0000	13
		_I2C1_DO_RX_ACK		CODE           	087B	0000	5
		_I2C1_MasterWaitForEvent		CODE           	089F	0000	6
		_I2C1_MasterSendNack		CODE           	0849	0000	4
		_I2C1_DO_RX_NACK_RESTART		CODE           	0885	0000	5
		_I2C1_MasterDisableIrq		CODE           	081E	0000	3
		_I2C1_MasterOperation		CODE           	0C41	0000	33
		_I2C1_SetCallback		CODE           	0CC9	0000	36
		_I2C1_MasterEnableRestart		CODE           	0824	0000	3
		_I2C1_Open     		CODE           	0EED	0000	54
		_I2C1_DO_ADDRESS_NACK		CODE           	0D88	0000	40
		_I2C1_SetBuffer		CODE           	07F2	0000	14
		_I2C1_DO_SEND_RESTART_WRITE		CODE           	086C	0000	5
		_I2C1_MasterClose		CODE           	081B	0000	3
		_I2C1_MasterWrite		CODE           	088F	0000	5
		_I2C1_Initialize		CODE           	0934	0000	9
		_I2C1_Close    		CODE           	0B3E	0000	24
		_I2C1_MasterIsNack		CODE           	0899	0000	6
		_I2C1_MasterStart		CODE           	0821	0000	3
		_I2C1_DO_SEND_ADR_WRITE		CODE           	0900	0000	8
		_I2C1_MasterClearIrq		CODE           	0818	0000	3
		_I2C1_SetDataCompleteCallback		CODE           	096F	0000	11
		_I2C1_DO_SEND_STOP		CODE           	0876	0000	5
		_I2C1_MasterSendAck		CODE           	084D	0000	4
		_I2C1_MasterFsm		CODE           	0DB0	0000	41
		_I2C1_MasterGetRxData		CODE           	082D	0000	3
		_I2C1_MasterSetIrq		CODE           	0830	0000	3
		_I2C1_DO_SEND_ADR_READ		CODE           	0919	0000	9
		_I2C1_DO_RX_NACK_STOP		CODE           	0880	0000	5

mcc_generated_files/i2c1_master.c estimated size: 624

mcc_generated_files/interrupt_manager.c
		_INTERRUPT_InterruptManager		CODE           	0004	0000	81

mcc_generated_files/interrupt_manager.c estimated size: 81

mcc_generated_files/application/LIGHTBLUE_service.c
		_LIGHTBLUE_PerformAction		CODE           	0F90	0000	56
		_LIGHTBLUE_GetAccState		CODE           	0836	0000	3
		_LIGHTBLUE_UpdateErrorLed		CODE           	0BED	0000	28
		_LIGHTBLUE_SplitByte		CODE           	0EBC	0000	49
		_LIGHTBLUE_SetErrorLedValue		CODE           	09D9	0000	15
		_LIGHTBLUE_ParseIncomingPacket		CODE           	00A8	0000	204
		_LIGHTBLUE_Initialize		CODE           	08A5	0000	6
		_LIGHTBLUE_AccState		CODE           	0A92	0000	19
		_LIGHTBLUE_SendPacket		CODE           	02E2	0000	140
		_LIGHTBLUE_SendSerialData		CODE           	0238	0000	170

mcc_generated_files/application/LIGHTBLUE_service.c estimated size: 690

mcc_generated_files/tmr0.c
		_TMR0_HasOverflowOccured		CODE           	0894	0000	5
		_TMR0_Initialize		CODE           	0AB9	0000	20

mcc_generated_files/tmr0.c estimated size: 25

mcc_generated_files/pin_manager.c
		_IOCAF6_ISR    		CODE           	09E8	0000	17
		_PIN_MANAGER_Initialize		CODE           	062C	0000	73
		_IOCAF6_SetInterruptHandler		CODE           	08E7	0000	6
		_PIN_MANAGER_IOC		CODE           	0910	0000	9
		_IOCAF6_DefaultInterruptHandler		CODE           	0813	0000	1

mcc_generated_files/pin_manager.c estimated size: 106

C:\Program Files\Microchip\xc8\v2.46\pic\sources\c99\common\strlen.c
		_strlen        		CODE           	0B86	0000	25

C:\Program Files\Microchip\xc8\v2.46\pic\sources\c99\common\strlen.c estimated size: 25

C:\Program Files\Microchip\xc8\v2.46\pic\sources\c99\common\strncmp.c
		_strncmp       		CODE           	0454	0000	83

C:\Program Files\Microchip\xc8\v2.46\pic\sources\c99\common\strncmp.c estimated size: 83

C:\Program Files\Microchip\xc8\v2.46\pic\sources\c99\common\strchr.c
		_strchr        		CODE           	0B9F	0000	25

C:\Program Files\Microchip\xc8\v2.46\pic\sources\c99\common\strchr.c estimated size: 25

C:\Program Files\Microchip\xc8\v2.46\pic\sources\c99\common\strcpy.c
		_strcpy        		CODE           	0AA5	0000	20

C:\Program Files\Microchip\xc8\v2.46\pic\sources\c99\common\strcpy.c estimated size: 20

mcc_generated_files/drivers/i2c_simple_master.c
		_wr1RegCompleteHandler		CODE           	0A0A	0000	17
		_wr2RegCompleteHandler		CODE           	0A3D	0000	17
		_i2c_write1ByteRegister		CODE           	0E8C	0000	48
		_rdBlkRegCompleteHandler		CODE           	0B56	0000	24
		_i2c_read1ByteRegister		CODE           	05E1	0000	75
		_rd1RegCompleteHandler		CODE           	0A1B	0000	17
		_rd2RegCompleteHandler		CODE           	0A2C	0000	17

mcc_generated_files/drivers/i2c_simple_master.c estimated size: 215

mcc_generated_files/rn487x/rn487x.c
		_RN487X_SendCmd		CODE           	0E5E	0000	46
		_RN487X_ReadMsg		CODE           	0DD9	0000	43
		_RN487X_EnterDataMode		CODE           	0BD2	0000	27
		_RN487X_SetOutputs		CODE           	0675	0000	72
		_RN487X_EnterCmdMode		CODE           	0B0F	0000	23
		_RN487X_ReadDefaultResponse		CODE           	036E	0000	136
		_RN487X_SetAsyncMessageHandler		CODE           	0AE3	0000	22
		_RN487X_Read   		CODE           	09B3	0000	12
		_RN487X_Init   		CODE           	03F6	0000	94
		_RN487X_FilterData		CODE           	0595	0000	76
		_RN487X_DataReady		CODE           	0C09	0000	28

mcc_generated_files/rn487x/rn487x.c estimated size: 579

shared
		RN487X_EnterCmdMode@cmdPrompt		STRCODE        	10A7	0000	5
		_uart          		STRCODE        	1000	0000	40
		RN487X_RebootCmd@reboot		STRCODE        	1086	0000	11
		_RN487X        		STRCODE        	1068	0000	18
		__initialization		CODE           	0057	0000	77
		_rn487x_driver_version		STRCODE        	0000	0000	0
		_i2c1_fsmStateTable		STRCODE        	1028	0000	32
		_fsmStateTable 		STRCODE        	1048	0000	32
		_protocol_version_number		STRCODE        	0000	0000	0
		RN487X_EnterDataMode@cmdPrompt		STRCODE        	10A2	0000	5

shared estimated size: 220

mcc_generated_files/eusart1.c
		_EUSART1_is_tx_done		CODE           	0855	0000	4
		_EUSART1_SetRxInterruptHandler		CODE           	08BD	0000	6
		_EUSART1_SetTxInterruptHandler		CODE           	08C3	0000	6
		_EUSART1_is_rx_ready		CODE           	092B	0000	9
		_EUSART1_Initialize		CODE           	073E	0000	62
		_EUSART1_DefaultErrorHandler		CODE           	0839	0000	4
		_EUSART1_SetFramingErrorHandler		CODE           	08B1	0000	6
		_EUSART1_Read  		CODE           	0D13	0000	39
		_EUSART1_SetOverrunErrorHandler		CODE           	08B7	0000	6
		_EUSART1_SetErrorHandler		CODE           	08AB	0000	6
		_EUSART1_Write 		CODE           	0D61	0000	39
		_EUSART1_Receive_ISR		CODE           	077C	0000	61
		_EUSART1_RxDataHandler		CODE           	0BB8	0000	26
		_EUSART1_DefaultOverrunErrorHandler		CODE           	083D	0000	4
		_EUSART1_Transmit_ISR		CODE           	0C84	0000	34
		_EUSART1_DefaultFramingErrorHandler		CODE           	0811	0000	1

mcc_generated_files/eusart1.c estimated size: 313

mcc_generated_files/mcc.c
		_PMD_Initialize		CODE           	0965	0000	10
		_OSCILLATOR_Initialize		CODE           	095B	0000	10
		_SYSTEM_Initialize		CODE           	0AF9	0000	22

mcc_generated_files/mcc.c estimated size: 42

mcc_generated_files/delay.c
		_DELAY_milliseconds		CODE           	0ACD	0000	22

mcc_generated_files/delay.c estimated size: 22

C:\Program Files\Microchip\xc8\v2.46\pic\sources\c99\common\strstr.c
		_strstr        		CODE           	0548	0000	77

C:\Program Files\Microchip\xc8\v2.46\pic\sources\c99\common\strstr.c estimated size: 77

main.c
		_ACC_Interrupt_is_high		CODE           	0859	0000	4
		_service_acceleremoterInterrupt		CODE           	0C25	0000	28
		_main          		CODE           	0174	0000	196

main.c estimated size: 228

mcc_generated_files/rn487x/rn487x_interface.c
		_RN487X_is_tx_done		CODE           	0947	0000	10
		_RN487X_MessageHandler		CODE           	0FC8	0000	56
		_RN487X_IndicateRx		CODE           	0985	0000	11
		_RN487X_SetSystemMode		CODE           	09A7	0000	12
		_RN487X_IsConnected		CODE           	0833	0000	3
		_RN487X_Read@rn487x_interface$F1380		CODE           	093D	0000	10
		_rn487x_PrintIndicatorCharacters		CODE           	0CA6	0000	35
		_rn487x_PrintMessageStart		CODE           	0E31	0000	45
		_RN487X_is_rx_ready		CODE           	0951	0000	10
		_rn487x_PrintMessage		CODE           	0F59	0000	55
		_RN487X_Write  		CODE           	099B	0000	12
		_RN487X_Reset  		CODE           	0990	0000	11
		_RN487X_Delay  		CODE           	0908	0000	8
		_rn487x_PrintMessageEnd		CODE           	04FA	0000	78

mcc_generated_files/rn487x/rn487x_interface.c estimated size: 356

mcc_generated_files/application/BMA253_accel.c
		_BMA253_Initialize		CODE           	0F23	0000	54

mcc_generated_files/application/BMA253_accel.c estimated size: 54

