Microchip MPLAB XC8 Compiler V2.46

Linker command line:

-W-3 \
  --edf=C:\Program Files\Microchip\xc8\v2.46\pic\dat\20240104201356_en.msgs \
  -cn -h+dist/default/debug\PIC_LIGHTBLUE_EXPLORER_DEMO.X.debug.sym \
  --cmf=dist/default/debug\PIC_LIGHTBLUE_EXPLORER_DEMO.X.debug.cmf -z \
  -Q16LF18456 -oC:\Users\jjega\AppData\Local\Temp\xcAse04.\driver_tmp_3.o \
  --defsym=__MPLAB_BUILD=1 --fixupoverflow=error \
  -Mdist/default/debug/PIC_LIGHTBLUE_EXPLORER_DEMO.X.debug.map \
  --md=C:\Users\jjega\AppData\Local\Temp\xcAse04.\driver_tmp_0.dat -E1 \
  -ver=XC8 Compiler --acfsm=1493 -ASTACK=02230h-027EFh -pstack=STACK \
  -ACODE=00h-07FFhx8 -ASTRCODE=00h-03FFFh -ASTRING=00h-0FFhx64 \
  -ACONST=00h-0FFhx64 -AENTRY=00h-0FFhx64 -ACOMMON=070h-07Fh \
  -ABANK0=020h-06Fh -ABANK1=0A0h-0EFh -ABANK2=0120h-016Fh \
  -ABANK3=01A0h-01EFh -ABANK4=0220h-026Fh -ABANK5=02A0h-02EFh \
  -ABANK6=0320h-036Fh -ABANK7=03A0h-03EFh -ABANK8=0420h-046Fh \
  -ABANK9=04A0h-04EFh -ABANK10=0520h-056Fh -ABANK11=05A0h-05EFh \
  -ABANK12=0620h-066Fh -ABANK13=06A0h-06EFh -ABANK14=0720h-076Fh \
  -ABANK15=07A0h-07EFh -ABANK16=0820h-086Fh -ABANK17=08A0h-08EFh \
  -ABANK18=0920h-096Fh -ABANK19=09A0h-09EFh -ABANK20=0A20h-0A6Fh \
  -ABANK21=0AA0h-0AEFh -ABANK22=0B20h-0B6Fh -ABANK23=0BA0h-0BEFh \
  -ABANK24=0C20h-0C6Fh -ABANK25=0CA0h-0CBFh -ABIGRAM=02000h-027EFh \
  -ARAM=020h-06Fh,0A0h-0EFh,0120h-016Fh,01A0h-01EFh,0220h-026Fh,02A0h-02EFh,0320h-036Fh,03A0h-03EFh,0420h-046Fh,04A0h-04EFh,0520h-056Fh,05A0h-05EFh,0620h-066Fh,06A0h-06EFh,0720h-076Fh,07A0h-07EFh,0820h-086Fh,08A0h-08EFh,0920h-096Fh,09A0h-09EFh,0A20h-0A6Fh,0AA0h-0AEFh,0B20h-0B6Fh,0BA0h-0BEFh,0C20h-0C6Fh,0CA0h-0CBFh \
  -AABS1=020h-07Fh,0A0h-0EFh,0120h-016Fh,01A0h-01EFh,0220h-026Fh,02A0h-02EFh,0320h-036Fh,03A0h-03EFh,0420h-046Fh,04A0h-04EFh,0520h-056Fh,05A0h-05EFh,0620h-066Fh,06A0h-06EFh,0720h-076Fh,07A0h-07EFh,0820h-086Fh,08A0h-08EFh,0920h-096Fh,09A0h-09EFh,0A20h-0A6Fh,0AA0h-0AEFh,0B20h-0B6Fh,0BA0h-0BEFh,0C20h-0C6Fh,0CA0h-0CBFh \
  -ASFR0=00h-01Fh -ASFR1=080h-09Fh -ASFR2=0100h-011Fh -ASFR3=0180h-019Fh \
  -ASFR4=0200h-021Fh -ASFR5=0280h-029Fh -ASFR6=0300h-031Fh \
  -ASFR7=0380h-039Fh -ASFR8=0400h-041Fh -ASFR9=0480h-049Fh \
  -ASFR10=0500h-051Fh -ASFR11=0580h-059Fh -ASFR12=0600h-061Fh \
  -ASFR13=0680h-069Fh -ASFR14=0700h-071Fh -ASFR15=0780h-079Fh \
  -ASFR16=0800h-081Fh -ASFR17=0880h-089Fh -ASFR18=0900h-091Fh \
  -ASFR19=0980h-099Fh -ASFR20=0A00h-0A1Fh -ASFR21=0A80h-0A9Fh \
  -ASFR22=0B00h-0B1Fh -ASFR23=0B80h-0B9Fh -ASFR24=0C00h-0C1Fh \
  -ASFR25=0C80h-0C9Fh -ASFR26=0D00h-0D6Fh -ASFR27=0D80h-0DEFh \
  -ASFR28=0E00h-0E6Fh -ASFR29=0E80h-0EEFh -ASFR30=0F00h-0F6Fh \
  -ASFR31=0F80h-0FEFh -ASFR32=01000h-0106Fh -ASFR33=01080h-010EFh \
  -ASFR34=01100h-0116Fh -ASFR35=01180h-011EFh -ASFR36=01200h-0126Fh \
  -ASFR37=01280h-012EFh -ASFR38=01300h-0136Fh -ASFR39=01380h-013EFh \
  -ASFR40=01400h-0146Fh -ASFR41=01480h-014EFh -ASFR42=01500h-0156Fh \
  -ASFR43=01580h-015EFh -ASFR44=01600h-0166Fh -ASFR45=01680h-016EFh \
  -ASFR46=01700h-0176Fh -ASFR47=01780h-017EFh -ASFR48=01800h-0186Fh \
  -ASFR49=01880h-018EFh -ASFR50=01900h-0196Fh -ASFR51=01980h-019EFh \
  -ASFR52=01A00h-01A6Fh -ASFR53=01A80h-01AEFh -ASFR54=01B00h-01B6Fh \
  -ASFR55=01B80h-01BEFh -ASFR56=01C00h-01C6Fh -ASFR57=01C80h-01CEFh \
  -ASFR58=01D00h-01D6Fh -ASFR59=01D80h-01DEFh -ASFR60=01E00h-01E6Fh \
  -ASFR61=01E80h-01EEFh -ASFR62=01F00h-01F6Fh -ASFR63=01F80h-01FEFh \
  -ACONFIG=08007h-0800Bh -DCONFIG=2 -AIDLOC=08000h-08003h -DIDLOC=2 \
  -AEEDATA=00h-0FFh/0F000h -peeprom_data=EEDATA -DEEDATA=2 -DCODE=2 \
  -DSTRCODE=2 -DSTRING=2 -DCONST=2 -DENTRY=2 \
  -preset_vec=00h,intentry=04h,sivt,init,end_init -ppowerup=CODE \
  -pcinit=CODE -pfunctab=ENTRY -k \
  C:\Users\jjega\AppData\Local\Temp\xcAse04.\driver_tmp_15.o \
  dist/default/debug\PIC_LIGHTBLUE_EXPLORER_DEMO.X.debug.o 

Object code version is 3.11

Machine type is 16LF18456



                Name                               Link     Load   Length Selector   Space Scale
C:\Users\jjega\AppData\Local\Temp\xcAse04.\driver_tmp_15.o
                stack                              2230     2230      5C0     2230       2
                end_init                             55       55        2        8       0
                reset_vec                             0        0        2        0       0
                config                             8007     8007        5        0       4
                idloc                              8000     8000        4        0       5
dist/default/debug\PIC_LIGHTBLUE_EXPLORER_DEMO.X.debug.o
                cinit                                57       57       51        8       0
                intentry                              4        4       51        8       0
                config                             8007     8007        5        0       4
                idloc                              8000     8000        4        0       5
                text159                             992      992       19     1324       0
                text158                            15D3     15D3        4     2BA6       0
                text157                            15AF     15AF        1     2B5E       0
                text156                            15D7     15D7        4     2BAE       0
                text155                             91A      91A       18     1234       0
                text154                            15DB     15DB        4     2BB6       0
                text153                            15B0     15B0        1     2B60       0
                text152                            15DF     15DF        4     2BBE       0
                text151                             F0A      F0A       39     1E14       0
                text150                             7C3      7C3       3D        8       0
                text149                             A70      A70       22     14E0       0
                text148                             A92      A92       22     1524       0
                text147                             800      800        1        8       0
                text146                            17BC     17BC       11     2F78       0
                text145                            16BB     16BB        9     2D76       0
                text143                            15E3     15E3        4     2BC6       0
                text142                            15B5     15B5        3     2B6A       0
                text141                            15B8     15B8        3     2B70       0
                text140                            15BB     15BB        3     2B76       0
                text139                             932      932       18     1264       0
                text138                            15BE     15BE        3     2B7C       0
                text137                            15C1     15C1        3     2B82       0
                text136                            15C4     15C4        3     2B88       0
                text135                            1791     1791        E     2F22       0
                text134                             AD7      AD7       24     15AE       0
                text133                            171A     171A        B     2E34       0
                text132                            17CD     17CD       11     2F9A       0
                text131                            17DE     17DE       11     2FBC       0
                text130                            17EF     17EF       11     2FDE       0
                text129                             801      801       11     1002       0
                text128                             812      812       11     1024       0
                text127                             94A      94A       18     1294       0
                text126                             823      823       11     1046       0
                text125                             834      834       11     1068       0
                text124                             845      845       11     108A       0
                text123                             962      962       18     12C4       0
                text122                            15B1     15B1        2     2B62       0
                text121                            15B3     15B3        2     2B66       0
                text120                            15C7     15C7        3     2B8E       0
                text119                            15E7     15E7        4     2BCE       0
                text118                            15CA     15CA        3     2B94       0
                text117                            15EB     15EB        4     2BD6       0
                text116                            15F7     15F7        5     2BEE       0
                text115                            1638     1638        6     2C70       0
                text114                            15CD     15CD        3     2B9A       0
                text113                             C5C      C5C       2D     18B8       0
                text112                            15FC     15FC        5     2BF8       0
                text111                            16C4     16C4        9     2D88       0
                text110                            16AB     16AB        8     2D56       0
                text109                             52A      52A       53        8       0
                text108                             780      780       43        8       0
                text107                            16A4     16A4        7     2D48       0
                text106                            1601     1601        5     2C02       0
                text105                            1606     1606        5     2C0C       0
                text104                            160B     160B        5     2C16       0
                text103                            1610     1610        5     2C20       0
                text102                            1615     1615        5     2C2A       0
                text101                            161A     161A        5     2C34       0
                text100                            161F     161F        5     2C3E       0
                text99                             1624     1624        5     2C48       0
                text98                              BE0      BE0       28     17C0       0
                text97                              C08      C08       29     1810       0
                text96                             163E     163E        6     2C7C       0
                text95                             176A     176A        D     2ED4       0
                text94                              A4F      A4F       21     149E       0
                text93                             1629     1629        5     2C52       0
                text92                             1777     1777        D     2EEE       0
                text91                              E66      E66       36     1CCC       0
                text90                             1725     1725        B     2E4A       0
                text89                              61D      61D       4B        8       0
                text88                              D9C      D9C       30     1B38       0
                text87                              E9C      E9C       36     1D38       0
                text86                              856      856       11     10AC       0
                text85                              CB6      CB6       2E     196C       0
                text84                              867      867       11     10CE       0
                text83                              CE4      CE4       2E     19C8       0
                text82                              878      878       11     10F0       0
                text81                              D12      D12       2E     1A24       0
                text80                              FBF      FBF       41     1F7E       0
                text79                              B92      B92       27     1724       0
                text78                              BB9      BB9       27     1772       0
                text77                             1746     1746        C     2E8C       0
                text76                              9AB      9AB       19     1356       0
                text75                              2FF      2FF       8C        8       0
                text74                              DCC      DCC       31     1B98       0
                text73                             179F     179F        E     2F3E       0
                text72                              D40      D40       2E     1A80       0
                text71                             1644     1644        6     2C88       0
                text70                             164A     164A        6     2C94       0
                text69                             162E     162E        5     2C5C       0
                text68                              B20      B20       26     1640       0
                text67                              8C1      8C1       16     1182       0
                text66                             16B3     16B3        8     2D66       0
                text65                              B46      B46       26     168C       0
                text64                              B6C      B6C       26     16D8       0
                text63                             16E8     16E8        A     2DD0       0
                text62                              C31      C31       2B     1862       0
                text61                             15EF     15EF        4     2BDE       0
                text60                             15F3     15F3        4     2BE6       0
                text59                             16F2     16F2        A     2DE4       0
                text58                              D6E      D6E       2E     1ADC       0
                text57                              903      903       17     1206       0
                text56                              9DE      9DE       1B     13BC       0
                text55                              38B      38B       88        8       0
                text54                              6B1      6B1       48        8       0
                text53                              9F9      9F9       1C     13F2       0
                text52                             17AD     17AD        F     2F5A       0
                text51                              ED2      ED2       38     1DA4       0
                text50                              189      189       CC        8       0
                text49                             1650     1650        6     2CA0       0
                text48                              89A      89A       13     1134       0
                text47                              DFD      DFD       34     1BFA       0
                text46                              255      255       AA        8       0
                text45                              73D      73D       43        8       0
                text44                              AFB      AFB       25     15F6       0
                text43                             1784     1784        D     2F08       0
                text42                              8D7      8D7       16     11AE       0
                text41                             1730     1730        B     2E60       0
                text40                             173B     173B        B     2E76       0
                text39                             1752     1752        C     2EA4       0
                text38                             16CD     16CD        9     2D9A       0
                text37                             16D6     16D6        9     2DAC       0
                text36                             16FC     16FC        A     2DF8       0
                text35                              477      477       5E        8       0
                text34                             15D0     15D0        3     2BA0       0
                text33                              AB4      AB4       23     1568       0
                text32                              9C4      9C4       1A     1388       0
                text31                              E31      E31       35     1C62       0
                text30                              5CF      5CF       4E        8       0
                text29                              C89      C89       2D     1912       0
                text28                              A31      A31       1E     1462       0
                text27                              57D      57D       52        8       0
                text26                              4D5      4D5       55        8       0
                text25                              6F9      6F9       44        8       0
                text24                              413      413       64        8       0
                text23                              A15      A15       1C     142A       0
                text22                             175E     175E        C     2EBC       0
                text21                              97A      97A       18     12F4       0
                text20                             1656     1656        6     2CAC       0
                text19                             165C     165C        6     2CB8       0
                text18                             1662     1662        6     2CC4       0
                text17                             1668     1668        6     2CD0       0
                text16                             166E     166E        6     2CDC       0
                text15                              F43      F43       3E     1E86       0
                text14                             1674     1674        6     2CE8       0
                text13                             167A     167A        6     2CF4       0
                text12                             1680     1680        6     2D00       0
                text11                             1686     1686        6     2D0C       0
                text10                             168C     168C        6     2D18       0
                text9                               F81      F81       3E     1F02       0
                text8                              16DF     16DF        9     2DBE       0
                text7                              1706     1706        A     2E0C       0
                text6                              1692     1692        6     2D24       0
                text5                               668      668       49        8       0
                text4                              1710     1710        A     2E20       0
                text3                               8AD      8AD       14     115A       0
                text2                               8ED      8ED       16     11DA       0
                text1                              1633     1633        5     2C66       0
                maintext                             A8       A8       E1        8       0
                cstackBANK0                          47       47       27       20       1
                cstackCOMMON                         70       70        C       70       1
                cstackBANK1                          EF       EF        1       A0       1
                cstackBANK2                         169      169        4      120       1
                clrtext                            1698     1698        6     2D30       0
                inittext                           169E     169E        6     2D3C       0
                bssBANK6                            320      320       50      320       1
                bssBANK5                            2A0      2A0       50      2A0       1
                bssBANK4                            220      220       50      220       1
                bssBANK3                            1A0      1A0       40      1A0       1
                dataBANK2                           158      158       11      120       1
                bssBANK2                            120      120       24      120       1
                bssBANK1                             A0       A0       4D       A0       1
                dataBANK0                            6E       6E        2       20       1
                bssBANK0                             20       20       27       20       1
                bssCOMMON                            7C       7C        1       70       1
                stringtext12                       1822     1822        6     3000       0
                stringtext11                       1817     1817        B     3000       0
                stringtext10                       1800     1800        C     3000       0
                nvBANK2                             144      144       14      120       1
                nvBANK1                              ED       ED        2       A0       1
                stringtext9                        182D     182D        5     3000       0
                stringtext8                        1828     1828        5     3000       0
                stringtext7                        180C     180C        B     3000       0
                stringtext6                        1834     1834        2     3000       0
                stringtext5                        1832     1832        2     3000       0
                stringtext4                        1068     1068       12     2000       0
                stringtext3                        1048     1048       20     2000       0
                stringtext2                        1028     1028       20     2000       0
                stringtext1                        1000     1000       28     2000       0
                idataBANK2                          889      889       11     1112       0
                idataBANK0                            2        2        2        0       0

TOTAL           Name                               Link     Load   Length     Space
        CLASS   STACK          
                stack                              2230     2230      5C0         2

        CLASS   CODE           
                end_init                             55       55        2         0
                cinit                                57       57       51         0
                intentry                              4        4       51         0
                reset_vec                             0        0        2         0
                text159                             992      992       19         0
                text158                            15D3     15D3        4         0
                text157                            15AF     15AF        1         0
                text156                            15D7     15D7        4         0
                text155                             91A      91A       18         0
                text154                            15DB     15DB        4         0
                text153                            15B0     15B0        1         0
                text152                            15DF     15DF        4         0
                text151                             F0A      F0A       39         0
                text150                             7C3      7C3       3D         0
                text149                             A70      A70       22         0
                text148                             A92      A92       22         0
                text147                             800      800        1         0
                text146                            17BC     17BC       11         0
                text145                            16BB     16BB        9         0
                text143                            15E3     15E3        4         0
                text142                            15B5     15B5        3         0
                text141                            15B8     15B8        3         0
                text140                            15BB     15BB        3         0
                text139                             932      932       18         0
                text138                            15BE     15BE        3         0
                text137                            15C1     15C1        3         0
                text136                            15C4     15C4        3         0
                text135                            1791     1791        E         0
                text134                             AD7      AD7       24         0
                text133                            171A     171A        B         0
                text132                            17CD     17CD       11         0
                text131                            17DE     17DE       11         0
                text130                            17EF     17EF       11         0
                text129                             801      801       11         0
                text128                             812      812       11         0
                text127                             94A      94A       18         0
                text126                             823      823       11         0
                text125                             834      834       11         0
                text124                             845      845       11         0
                text123                             962      962       18         0
                text122                            15B1     15B1        2         0
                text121                            15B3     15B3        2         0
                text120                            15C7     15C7        3         0
                text119                            15E7     15E7        4         0
                text118                            15CA     15CA        3         0
                text117                            15EB     15EB        4         0
                text116                            15F7     15F7        5         0
                text115                            1638     1638        6         0
                text114                            15CD     15CD        3         0
                text113                             C5C      C5C       2D         0
                text112                            15FC     15FC        5         0
                text111                            16C4     16C4        9         0
                text110                            16AB     16AB        8         0
                text109                             52A      52A       53         0
                text108                             780      780       43         0
                text107                            16A4     16A4        7         0
                text106                            1601     1601        5         0
                text105                            1606     1606        5         0
                text104                            160B     160B        5         0
                text103                            1610     1610        5         0
                text102                            1615     1615        5         0
                text101                            161A     161A        5         0
                text100                            161F     161F        5         0
                text99                             1624     1624        5         0
                text98                              BE0      BE0       28         0
                text97                              C08      C08       29         0
                text96                             163E     163E        6         0
                text95                             176A     176A        D         0
                text94                              A4F      A4F       21         0
                text93                             1629     1629        5         0
                text92                             1777     1777        D         0
                text91                              E66      E66       36         0
                text90                             1725     1725        B         0
                text89                              61D      61D       4B         0
                text88                              D9C      D9C       30         0
                text87                              E9C      E9C       36         0
                text86                              856      856       11         0
                text85                              CB6      CB6       2E         0
                text84                              867      867       11         0
                text83                              CE4      CE4       2E         0
                text82                              878      878       11         0
                text81                              D12      D12       2E         0
                text80                              FBF      FBF       41         0
                text79                              B92      B92       27         0
                text78                              BB9      BB9       27         0
                text77                             1746     1746        C         0
                text76                              9AB      9AB       19         0
                text75                              2FF      2FF       8C         0
                text74                              DCC      DCC       31         0
                text73                             179F     179F        E         0
                text72                              D40      D40       2E         0
                text71                             1644     1644        6         0
                text70                             164A     164A        6         0
                text69                             162E     162E        5         0
                text68                              B20      B20       26         0
                text67                              8C1      8C1       16         0
                text66                             16B3     16B3        8         0
                text65                              B46      B46       26         0
                text64                              B6C      B6C       26         0
                text63                             16E8     16E8        A         0
                text62                              C31      C31       2B         0
                text61                             15EF     15EF        4         0
                text60                             15F3     15F3        4         0
                text59                             16F2     16F2        A         0
                text58                              D6E      D6E       2E         0
                text57                              903      903       17         0
                text56                              9DE      9DE       1B         0
                text55                              38B      38B       88         0
                text54                              6B1      6B1       48         0
                text53                              9F9      9F9       1C         0
                text52                             17AD     17AD        F         0
                text51                              ED2      ED2       38         0
                text50                              189      189       CC         0
                text49                             1650     1650        6         0
                text48                              89A      89A       13         0
                text47                              DFD      DFD       34         0
                text46                              255      255       AA         0
                text45                              73D      73D       43         0
                text44                              AFB      AFB       25         0
                text43                             1784     1784        D         0
                text42                              8D7      8D7       16         0
                text41                             1730     1730        B         0
                text40                             173B     173B        B         0
                text39                             1752     1752        C         0
                text38                             16CD     16CD        9         0
                text37                             16D6     16D6        9         0
                text36                             16FC     16FC        A         0
                text35                              477      477       5E         0
                text34                             15D0     15D0        3         0
                text33                              AB4      AB4       23         0
                text32                              9C4      9C4       1A         0
                text31                              E31      E31       35         0
                text30                              5CF      5CF       4E         0
                text29                              C89      C89       2D         0
                text28                              A31      A31       1E         0
                text27                              57D      57D       52         0
                text26                              4D5      4D5       55         0
                text25                              6F9      6F9       44         0
                text24                              413      413       64         0
                text23                              A15      A15       1C         0
                text22                             175E     175E        C         0
                text21                              97A      97A       18         0
                text20                             1656     1656        6         0
                text19                             165C     165C        6         0
                text18                             1662     1662        6         0
                text17                             1668     1668        6         0
                text16                             166E     166E        6         0
                text15                              F43      F43       3E         0
                text14                             1674     1674        6         0
                text13                             167A     167A        6         0
                text12                             1680     1680        6         0
                text11                             1686     1686        6         0
                text10                             168C     168C        6         0
                text9                               F81      F81       3E         0
                text8                              16DF     16DF        9         0
                text7                              1706     1706        A         0
                text6                              1692     1692        6         0
                text5                               668      668       49         0
                text4                              1710     1710        A         0
                text3                               8AD      8AD       14         0
                text2                               8ED      8ED       16         0
                text1                              1633     1633        5         0
                maintext                             A8       A8       E1         0
                clrtext                            1698     1698        6         0
                inittext                           169E     169E        6         0
                idataBANK2                          889      889       11         0
                idataBANK0                            2        2        2         0

        CLASS   STRCODE        
                stringtext12                       1822     1822        6         0
                stringtext11                       1817     1817        B         0
                stringtext10                       1800     1800        C         0
                stringtext9                        182D     182D        5         0
                stringtext8                        1828     1828        5         0
                stringtext7                        180C     180C        B         0
                stringtext6                        1834     1834        2         0
                stringtext5                        1832     1832        2         0
                stringtext4                        1068     1068       12         0
                stringtext3                        1048     1048       20         0
                stringtext2                        1028     1028       20         0
                stringtext1                        1000     1000       28         0

        CLASS   STRING         

        CLASS   CONST          

        CLASS   ENTRY          

        CLASS   COMMON         
                cstackCOMMON                         70       70        C         1
                bssCOMMON                            7C       7C        1         1

        CLASS   BANK0          
                cstackBANK0                          47       47       27         1
                dataBANK0                            6E       6E        2         1
                bssBANK0                             20       20       27         1

        CLASS   BANK1          
                cstackBANK1                          EF       EF        1         1
                bssBANK1                             A0       A0       4D         1
                nvBANK1                              ED       ED        2         1

        CLASS   BANK2          
                cstackBANK2                         169      169        4         1
                dataBANK2                           158      158       11         1
                bssBANK2                            120      120       24         1
                nvBANK2                             144      144       14         1

        CLASS   BANK3          
                bssBANK3                            1A0      1A0       40         1

        CLASS   BANK4          
                bssBANK4                            220      220       50         1

        CLASS   BANK5          
                bssBANK5                            2A0      2A0       50         1

        CLASS   BANK6          
                bssBANK6                            320      320       50         1

        CLASS   BANK7          

        CLASS   BANK8          

        CLASS   BANK9          

        CLASS   BANK10         

        CLASS   BANK11         

        CLASS   BANK12         

        CLASS   BANK13         

        CLASS   BANK14         

        CLASS   BANK15         

        CLASS   BANK16         

        CLASS   BANK17         

        CLASS   BANK18         

        CLASS   BANK19         

        CLASS   BANK20         

        CLASS   BANK21         

        CLASS   BANK22         

        CLASS   BANK23         

        CLASS   BANK24         

        CLASS   BANK25         

        CLASS   BIGRAM         

        CLASS   RAM            

        CLASS   ABS1           
                abs_s1                               7E       7E        2         1

        CLASS   SFR0           

        CLASS   SFR1           

        CLASS   SFR2           

        CLASS   SFR3           

        CLASS   SFR4           

        CLASS   SFR5           

        CLASS   SFR6           

        CLASS   SFR7           

        CLASS   SFR8           

        CLASS   SFR9           

        CLASS   SFR10          

        CLASS   SFR11          

        CLASS   SFR12          

        CLASS   SFR13          

        CLASS   SFR14          

        CLASS   SFR15          

        CLASS   SFR16          

        CLASS   SFR17          

        CLASS   SFR18          

        CLASS   SFR19          

        CLASS   SFR20          

        CLASS   SFR21          

        CLASS   SFR22          

        CLASS   SFR23          

        CLASS   SFR24          

        CLASS   SFR25          

        CLASS   SFR26          

        CLASS   SFR27          

        CLASS   SFR28          

        CLASS   SFR29          

        CLASS   SFR30          

        CLASS   SFR31          

        CLASS   SFR32          

        CLASS   SFR33          

        CLASS   SFR34          

        CLASS   SFR35          

        CLASS   SFR36          

        CLASS   SFR37          

        CLASS   SFR38          

        CLASS   SFR39          

        CLASS   SFR40          

        CLASS   SFR41          

        CLASS   SFR42          

        CLASS   SFR43          

        CLASS   SFR44          

        CLASS   SFR45          

        CLASS   SFR46          

        CLASS   SFR47          

        CLASS   SFR48          

        CLASS   SFR49          

        CLASS   SFR50          

        CLASS   SFR51          

        CLASS   SFR52          

        CLASS   SFR53          

        CLASS   SFR54          

        CLASS   SFR55          

        CLASS   SFR56          

        CLASS   SFR57          

        CLASS   SFR58          

        CLASS   SFR59          

        CLASS   SFR60          

        CLASS   SFR61          

        CLASS   SFR62          

        CLASS   SFR63          

        CLASS   CONFIG         
                config                             8007     8007        5         4

        CLASS   IDLOC          
                idloc                              8000     8000        4         5

        CLASS   EEDATA         

        CLASS   BANK63         

        CLASS   BANK62         

        CLASS   BANK61         

        CLASS   BANK60         

        CLASS   BANK59         

        CLASS   BANK58         

        CLASS   BANK57         

        CLASS   BANK56         

        CLASS   BANK55         

        CLASS   BANK54         

        CLASS   BANK53         

        CLASS   BANK52         

        CLASS   BANK51         

        CLASS   BANK50         

        CLASS   BANK49         

        CLASS   BANK48         

        CLASS   BANK47         

        CLASS   BANK46         

        CLASS   BANK45         

        CLASS   BANK44         

        CLASS   BANK43         

        CLASS   BANK42         

        CLASS   BANK41         

        CLASS   BANK40         

        CLASS   BANK39         

        CLASS   BANK38         

        CLASS   BANK37         

        CLASS   BANK36         

        CLASS   BANK35         

        CLASS   BANK34         

        CLASS   BANK33         

        CLASS   BANK32         

        CLASS   BANK31         

        CLASS   BANK30         

        CLASS   BANK29         

        CLASS   BANK28         

        CLASS   BANK27         

        CLASS   BANK26         

        CLASS   HEAP           



SEGMENTS        Name                           Load    Length   Top    Selector   Space  Class     Delta

                reset_vec                      000000  000004  000004         0       0  CODE        2
                intentry                       000004  0007FD  000801         8       0  CODE        2
                bssBANK0                       000020  000050  000070        20       1  BANK0       1
                cstackCOMMON                   000070  00000D  00007D        70       1  COMMON      1
                bssBANK1                       0000A0  000050  0000F0        A0       1  BANK1       1
                bssBANK2                       000120  00004D  00016D       120       1  BANK2       1
                bssBANK3                       0001A0  000040  0001E0       1A0       1  BANK3       1
                bssBANK4                       000220  000050  000270       220       1  BANK4       1
                bssBANK5                       0002A0  000050  0002F0       2A0       1  BANK5       1
                bssBANK6                       000320  000050  000370       320       1  BANK6       1
                text129                        000801  000011  000812      1002       0  CODE        2
                text128                        000812  000011  000823      1024       0  CODE        2
                text126                        000823  000011  000834      1046       0  CODE        2
                text125                        000834  000011  000845      1068       0  CODE        2
                text124                        000845  000011  000856      108A       0  CODE        2
                text86                         000856  000011  000867      10AC       0  CODE        2
                text84                         000867  000011  000878      10CE       0  CODE        2
                text82                         000878  000011  000889      10F0       0  CODE        2
                idataBANK2                     000889  000011  00089A      1112       0  CODE        2
                text48                         00089A  000013  0008AD      1134       0  CODE        2
                text3                          0008AD  000014  0008C1      115A       0  CODE        2
                text67                         0008C1  000016  0008D7      1182       0  CODE        2
                text42                         0008D7  000016  0008ED      11AE       0  CODE        2
                text2                          0008ED  000016  000903      11DA       0  CODE        2
                text57                         000903  000017  00091A      1206       0  CODE        2
                text155                        00091A  000018  000932      1234       0  CODE        2
                text139                        000932  000018  00094A      1264       0  CODE        2
                text127                        00094A  000018  000962      1294       0  CODE        2
                text123                        000962  000018  00097A      12C4       0  CODE        2
                text21                         00097A  000018  000992      12F4       0  CODE        2
                text159                        000992  000019  0009AB      1324       0  CODE        2
                text76                         0009AB  000019  0009C4      1356       0  CODE        2
                text32                         0009C4  00001A  0009DE      1388       0  CODE        2
                text56                         0009DE  00001B  0009F9      13BC       0  CODE        2
                text53                         0009F9  00001C  000A15      13F2       0  CODE        2
                text23                         000A15  00001C  000A31      142A       0  CODE        2
                text28                         000A31  00001E  000A4F      1462       0  CODE        2
                text94                         000A4F  000021  000A70      149E       0  CODE        2
                text149                        000A70  000022  000A92      14E0       0  CODE        2
                text148                        000A92  000022  000AB4      1524       0  CODE        2
                text33                         000AB4  000023  000AD7      1568       0  CODE        2
                text134                        000AD7  000024  000AFB      15AE       0  CODE        2
                text44                         000AFB  000025  000B20      15F6       0  CODE        2
                text68                         000B20  000026  000B46      1640       0  CODE        2
                text65                         000B46  000026  000B6C      168C       0  CODE        2
                text64                         000B6C  000026  000B92      16D8       0  CODE        2
                text79                         000B92  000027  000BB9      1724       0  CODE        2
                text78                         000BB9  000027  000BE0      1772       0  CODE        2
                text98                         000BE0  000028  000C08      17C0       0  CODE        2
                text97                         000C08  000029  000C31      1810       0  CODE        2
                text62                         000C31  00002B  000C5C      1862       0  CODE        2
                text113                        000C5C  00002D  000C89      18B8       0  CODE        2
                text29                         000C89  00002D  000CB6      1912       0  CODE        2
                text85                         000CB6  00002E  000CE4      196C       0  CODE        2
                text83                         000CE4  00002E  000D12      19C8       0  CODE        2
                text81                         000D12  00002E  000D40      1A24       0  CODE        2
                text72                         000D40  00002E  000D6E      1A80       0  CODE        2
                text58                         000D6E  00002E  000D9C      1ADC       0  CODE        2
                text88                         000D9C  000030  000DCC      1B38       0  CODE        2
                text74                         000DCC  000031  000DFD      1B98       0  CODE        2
                text47                         000DFD  000034  000E31      1BFA       0  CODE        2
                text31                         000E31  000035  000E66      1C62       0  CODE        2
                text91                         000E66  000036  000E9C      1CCC       0  CODE        2
                text87                         000E9C  000036  000ED2      1D38       0  CODE        2
                text51                         000ED2  000038  000F0A      1DA4       0  CODE        2
                text151                        000F0A  000039  000F43      1E14       0  CODE        2
                text15                         000F43  00003E  000F81      1E86       0  CODE        2
                text9                          000F81  00003E  000FBF      1F02       0  CODE        2
                text80                         000FBF  000041  001000      1F7E       0  CODE        2
                stringtext1                    001000  00007A  00107A      2000       0  STRCODE     2
                stack                          002230  0005C0  0027F0      2230       2  STACK       1
                text157                        0015AF  000001  0015B0      2B5E       0  CODE        2
                text153                        0015B0  000001  0015B1      2B60       0  CODE        2
                text122                        0015B1  000002  0015B3      2B62       0  CODE        2
                text121                        0015B3  000002  0015B5      2B66       0  CODE        2
                text142                        0015B5  000003  0015B8      2B6A       0  CODE        2
                text141                        0015B8  000003  0015BB      2B70       0  CODE        2
                text140                        0015BB  000003  0015BE      2B76       0  CODE        2
                text138                        0015BE  000003  0015C1      2B7C       0  CODE        2
                text137                        0015C1  000003  0015C4      2B82       0  CODE        2
                text136                        0015C4  000003  0015C7      2B88       0  CODE        2
                text120                        0015C7  000003  0015CA      2B8E       0  CODE        2
                text118                        0015CA  000003  0015CD      2B94       0  CODE        2
                text114                        0015CD  000003  0015D0      2B9A       0  CODE        2
                text34                         0015D0  000003  0015D3      2BA0       0  CODE        2
                text158                        0015D3  000004  0015D7      2BA6       0  CODE        2
                text156                        0015D7  000004  0015DB      2BAE       0  CODE        2
                text154                        0015DB  000004  0015DF      2BB6       0  CODE        2
                text152                        0015DF  000004  0015E3      2BBE       0  CODE        2
                text143                        0015E3  000004  0015E7      2BC6       0  CODE        2
                text119                        0015E7  000004  0015EB      2BCE       0  CODE        2
                text117                        0015EB  000004  0015EF      2BD6       0  CODE        2
                text61                         0015EF  000004  0015F3      2BDE       0  CODE        2
                text60                         0015F3  000004  0015F7      2BE6       0  CODE        2
                text116                        0015F7  000005  0015FC      2BEE       0  CODE        2
                text112                        0015FC  000005  001601      2BF8       0  CODE        2
                text106                        001601  000005  001606      2C02       0  CODE        2
                text105                        001606  000005  00160B      2C0C       0  CODE        2
                text104                        00160B  000005  001610      2C16       0  CODE        2
                text103                        001610  000005  001615      2C20       0  CODE        2
                text102                        001615  000005  00161A      2C2A       0  CODE        2
                text101                        00161A  000005  00161F      2C34       0  CODE        2
                text100                        00161F  000005  001624      2C3E       0  CODE        2
                text99                         001624  000005  001629      2C48       0  CODE        2
                text93                         001629  000005  00162E      2C52       0  CODE        2
                text69                         00162E  000005  001633      2C5C       0  CODE        2
                text1                          001633  000005  001638      2C66       0  CODE        2
                text115                        001638  000006  00163E      2C70       0  CODE        2
                text96                         00163E  000006  001644      2C7C       0  CODE        2
                text71                         001644  000006  00164A      2C88       0  CODE        2
                text70                         00164A  000006  001650      2C94       0  CODE        2
                text49                         001650  000006  001656      2CA0       0  CODE        2
                text20                         001656  000006  00165C      2CAC       0  CODE        2
                text19                         00165C  000006  001662      2CB8       0  CODE        2
                text18                         001662  000006  001668      2CC4       0  CODE        2
                text17                         001668  000006  00166E      2CD0       0  CODE        2
                text16                         00166E  000006  001674      2CDC       0  CODE        2
                text14                         001674  000006  00167A      2CE8       0  CODE        2
                text13                         00167A  000006  001680      2CF4       0  CODE        2
                text12                         001680  000006  001686      2D00       0  CODE        2
                text11                         001686  000006  00168C      2D0C       0  CODE        2
                text10                         00168C  000006  001692      2D18       0  CODE        2
                text6                          001692  000006  001698      2D24       0  CODE        2
                clrtext                        001698  000006  00169E      2D30       0  CODE        2
                inittext                       00169E  000006  0016A4      2D3C       0  CODE        2
                text107                        0016A4  000007  0016AB      2D48       0  CODE        2
                text110                        0016AB  000008  0016B3      2D56       0  CODE        2
                text66                         0016B3  000008  0016BB      2D66       0  CODE        2
                text145                        0016BB  000009  0016C4      2D76       0  CODE        2
                text111                        0016C4  000009  0016CD      2D88       0  CODE        2
                text38                         0016CD  000009  0016D6      2D9A       0  CODE        2
                text37                         0016D6  000009  0016DF      2DAC       0  CODE        2
                text8                          0016DF  000009  0016E8      2DBE       0  CODE        2
                text63                         0016E8  00000A  0016F2      2DD0       0  CODE        2
                text59                         0016F2  00000A  0016FC      2DE4       0  CODE        2
                text36                         0016FC  00000A  001706      2DF8       0  CODE        2
                text7                          001706  00000A  001710      2E0C       0  CODE        2
                text4                          001710  00000A  00171A      2E20       0  CODE        2
                text133                        00171A  00000B  001725      2E34       0  CODE        2
                text90                         001725  00000B  001730      2E4A       0  CODE        2
                text41                         001730  00000B  00173B      2E60       0  CODE        2
                text40                         00173B  00000B  001746      2E76       0  CODE        2
                text77                         001746  00000C  001752      2E8C       0  CODE        2
                text39                         001752  00000C  00175E      2EA4       0  CODE        2
                text22                         00175E  00000C  00176A      2EBC       0  CODE        2
                text95                         00176A  00000D  001777      2ED4       0  CODE        2
                text92                         001777  00000D  001784      2EEE       0  CODE        2
                text43                         001784  00000D  001791      2F08       0  CODE        2
                text135                        001791  00000E  00179F      2F22       0  CODE        2
                text73                         00179F  00000E  0017AD      2F3E       0  CODE        2
                text52                         0017AD  00000F  0017BC      2F5A       0  CODE        2
                text146                        0017BC  000011  0017CD      2F78       0  CODE        2
                text132                        0017CD  000011  0017DE      2F9A       0  CODE        2
                text131                        0017DE  000011  0017EF      2FBC       0  CODE        2
                text130                        0017EF  000011  001800      2FDE       0  CODE        2
                stringtext10                   001800  000036  001836      3000       0  STRCODE     2


UNUSED ADDRESS RANGES

        Name                Unused          Largest block    Delta
        BANK10           00520-0056F              50           1
        BANK11           005A0-005EF              50           1
        BANK12           00620-0066F              50           1
        BANK13           006A0-006EF              50           1
        BANK14           00720-0076F              50           1
        BANK15           007A0-007EF              50           1
        BANK16           00820-0086F              50           1
        BANK17           008A0-008EF              50           1
        BANK18           00920-0096F              50           1
        BANK19           009A0-009EF              50           1
        BANK2            0016D-0016F               3           1
        BANK20           00A20-00A6F              50           1
        BANK21           00AA0-00AEF              50           1
        BANK22           00B20-00B6F              50           1
        BANK23           00BA0-00BEF              50           1
        BANK24           00C20-00C6F              50           1
        BANK25           00CA0-00CBF              20           1
        BANK3            001E0-001EF              10           1
        BANK7            003A0-003EF              50           1
        BANK8            00420-0046F              50           1
        BANK9            004A0-004EF              50           1
        BIGRAM           02000-027EF             7F0           1
        CODE             0107A-015AE             535           2
                         01836-03FFF             800
        COMMON           0007D-0007D               1           1
        CONST            0107A-015AE             100           2
                         01836-03FFF             100
        EEDATA           0F000-0F0FF             100           2
        ENTRY            0107A-015AE             100           2
                         01836-03FFF             100
        RAM              0016D-0016F               3           1
                         001E0-001EF              10
                         003A0-003EF              50
                         00420-0046F              50
                         004A0-004EF              50
                         00520-0056F              50
                         005A0-005EF              50
                         00620-0066F              50
                         006A0-006EF              50
                         00720-0076F              50
                         007A0-007EF              50
                         00820-0086F              50
                         008A0-008EF              50
                         00920-0096F              50
                         009A0-009EF              50
                         00A20-00A6F              50
                         00AA0-00AEF              50
                         00B20-00B6F              50
                         00BA0-00BEF              50
                         00C20-00C6F              50
                         00CA0-00CBF              20
        SFR0             00000-0001F              20           1
        SFR1             00080-0009F              20           1
        SFR10            00500-0051F              20           1
        SFR11            00580-0059F              20           1
        SFR12            00600-0061F              20           1
        SFR13            00680-0069F              20           1
        SFR14            00700-0071F              20           1
        SFR15            00780-0079F              20           1
        SFR16            00800-0081F              20           1
        SFR17            00880-0089F              20           1
        SFR18            00900-0091F              20           1
        SFR19            00980-0099F              20           1
        SFR2             00100-0011F              20           1
        SFR20            00A00-00A1F              20           1
        SFR21            00A80-00A9F              20           1
        SFR22            00B00-00B1F              20           1
        SFR23            00B80-00B9F              20           1
        SFR24            00C00-00C1F              20           1
        SFR25            00C80-00C9F              20           1
        SFR26            00D00-00D6F              70           1
        SFR27            00D80-00DEF              70           1
        SFR28            00E00-00E6F              70           1
        SFR29            00E80-00EEF              70           1
        SFR3             00180-0019F              20           1
        SFR30            00F00-00F6F              70           1
        SFR31            00F80-00FEF              70           1
        SFR32            01000-0106F              70           1
        SFR33            01080-010EF              70           1
        SFR34            01100-0116F              70           1
        SFR35            01180-011EF              70           1
        SFR36            01200-0126F              70           1
        SFR37            01280-012EF              70           1
        SFR38            01300-0136F              70           1
        SFR39            01380-013EF              70           1
        SFR4             00200-0021F              20           1
        SFR40            01400-0146F              70           1
        SFR41            01480-014EF              70           1
        SFR42            01500-0156F              70           1
        SFR43            01580-015EF              70           1
        SFR44            01600-0166F              70           1
        SFR45            01680-016EF              70           1
        SFR46            01700-0176F              70           1
        SFR47            01780-017EF              70           1
        SFR48            01800-0186F              70           1
        SFR49            01880-018EF              70           1
        SFR5             00280-0029F              20           1
        SFR50            01900-0196F              70           1
        SFR51            01980-019EF              70           1
        SFR52            01A00-01A6F              70           1
        SFR53            01A80-01AEF              70           1
        SFR54            01B00-01B6F              70           1
        SFR55            01B80-01BEF              70           1
        SFR56            01C00-01C6F              70           1
        SFR57            01C80-01CEF              70           1
        SFR58            01D00-01D6F              70           1
        SFR59            01D80-01DEF              70           1
        SFR6             00300-0031F              20           1
        SFR60            01E00-01E6F              70           1
        SFR61            01E80-01EEF              70           1
        SFR62            01F00-01F6F              70           1
        SFR63            01F80-01FEF              70           1
        SFR7             00380-0039F              20           1
        SFR8             00400-0041F              20           1
        SFR9             00480-0049F              20           1
        STRCODE          0107A-015AE             535           2
                         01836-03FFF            27CA
        STRING           0107A-015AE             100           2
                         01836-03FFF             100

                                  Symbol Table

?_MCP9844_CalcTemperature                                  cstackBANK0  00054
?_i2c_read2ByteRegister                                    cstackBANK0  0004B
?_strchr                                                   cstackCOMMON 00071
?_strlen                                                   cstackCOMMON 00071
?_strncmp                                                  cstackCOMMON 00071
?_strstr                                                   cstackCOMMON 00078
BMA253_GetAccelDataX@lsbData                               cstackBANK0  00055
BMA253_GetAccelDataX@msbData                               cstackBANK0  00056
BMA253_GetAccelDataX@xAccelData                            cstackBANK0  00054
BMA253_GetAccelDataXYZ@accelData                           cstackBANK0  00057
BMA253_GetAccelDataXYZ@sensorValue                         cstackBANK0  00058
BMA253_GetAccelDataY@lsbData                               cstackBANK0  00055
BMA253_GetAccelDataY@msbData                               cstackBANK0  00056
BMA253_GetAccelDataY@yAccelData                            cstackBANK0  00054
BMA253_GetAccelDataZ@lsbData                               cstackBANK0  00055
BMA253_GetAccelDataZ@msbData                               cstackBANK0  00056
BMA253_GetAccelDataZ@zAccelData                            cstackBANK0  00054
BMA253_NewAccelDataRdyX@xNewData                           cstackCOMMON 0007B
BMA253_NewAccelDataRdyY@yNewData                           cstackCOMMON 0007B
BMA253_NewAccelDataRdyZ@zNewData                           cstackCOMMON 0007B
DELAY_milliseconds@milliseconds                            cstackCOMMON 00071
EUSART1_Read@readValue                                     cstackCOMMON 00072
EUSART1_SetErrorHandler@interruptHandler                   cstackCOMMON 00071
EUSART1_SetFramingErrorHandler@interruptHandler            cstackCOMMON 00071
EUSART1_SetOverrunErrorHandler@interruptHandler            cstackCOMMON 00071
EUSART1_SetRxInterruptHandler@interruptHandler             cstackCOMMON 00071
EUSART1_SetTxInterruptHandler@interruptHandler             cstackCOMMON 00071
EUSART1_Write@txData                                       cstackCOMMON 00071
EUSART2_Read@readValue                                     cstackCOMMON 00072
EUSART2_SetErrorHandler@interruptHandler                   cstackCOMMON 00071
EUSART2_SetFramingErrorHandler@interruptHandler            cstackCOMMON 00071
EUSART2_SetOverrunErrorHandler@interruptHandler            cstackCOMMON 00071
EUSART2_SetRxInterruptHandler@interruptHandler             cstackCOMMON 00071
EUSART2_SetTxInterruptHandler@interruptHandler             cstackCOMMON 00071
EUSART2_Write@txData                                       cstackCOMMON 00071
I2C1_CallbackReturnReset@funPtr                            cstackCOMMON 00078
I2C1_Close@returnValue                                     cstackCOMMON 00071
I2C1_MasterOperation@read                                  cstackBANK0  00049
I2C1_MasterOperation@returnValue                           cstackBANK0  0004A
I2C1_MasterSendTxData@data                                 cstackCOMMON 00071
I2C1_Open@address                                          cstackCOMMON 00071
I2C1_Open@returnValue                                      cstackCOMMON 00072
I2C1_SetAddressNackCallback@cb                             cstackCOMMON 00075
I2C1_SetAddressNackCallback@ptr                            cstackCOMMON 00077
I2C1_SetBuffer@buffer                                      cstackCOMMON 00073
I2C1_SetBuffer@bufferSize                                  cstackCOMMON 00071
I2C1_SetCallback@cb                                        cstackCOMMON 00071
I2C1_SetCallback@idx                                       cstackCOMMON 00074
I2C1_SetCallback@ptr                                       cstackCOMMON 00073
I2C1_SetDataCompleteCallback@cb                            cstackCOMMON 00075
I2C1_SetDataCompleteCallback@ptr                           cstackCOMMON 00077
IOCAF6_SetInterruptHandler@InterruptHandler                cstackCOMMON 00071
LIGHTBLUE_AccelSensor@accelData                            cstackBANK0  00067
LIGHTBLUE_AccelSensor@payload                              cstackBANK0  0005A
LIGHTBLUE_LedState@led                                     cstackBANK0  0004A
LIGHTBLUE_LedState@payload                                 cstackBANK0  00047
LIGHTBLUE_ParseIncomingPacket@data                         bssBANK0     0002A
LIGHTBLUE_ParseIncomingPacket@length                       bssBANK0     00042
LIGHTBLUE_ParseIncomingPacket@packetID                     bssBANK0     00041
LIGHTBLUE_ParseIncomingPacket@parserState                  bssBANK0     00043
LIGHTBLUE_ParseIncomingPacket@receivedByte                 cstackBANK0  0005A
LIGHTBLUE_PerformAction@data                               cstackBANK0  0004E
LIGHTBLUE_PerformAction@id                                 cstackBANK0  00050
LIGHTBLUE_PerformAction@led                                cstackBANK0  00051
LIGHTBLUE_PushButton@button                                cstackBANK0  00047
LIGHTBLUE_PushButton@payload                               cstackBANK0  00048
LIGHTBLUE_SendPacket@packetID                              cstackCOMMON 0007A
LIGHTBLUE_SendPacket@payload                               cstackCOMMON 00077
LIGHTBLUE_SendProtocolVersion@dataIndex                    cstackBANK0  0005D
LIGHTBLUE_SendProtocolVersion@payload                      cstackBANK0  00049
LIGHTBLUE_SendProtocolVersion@value                        cstackBANK0  0005C
LIGHTBLUE_SendSerialData@length                            cstackCOMMON 00078
LIGHTBLUE_SendSerialData@serialData                        cstackCOMMON 00079
LIGHTBLUE_SetErrorLedValue@value                           cstackBANK0  0004D
LIGHTBLUE_SplitByte@payload                                cstackCOMMON 00078
LIGHTBLUE_SplitByte@value                                  cstackCOMMON 00076
LIGHTBLUE_SplitWord@payload                                cstackCOMMON 0007B
LIGHTBLUE_SplitWord@value                                  cstackCOMMON 00079
LIGHTBLUE_TemperatureSensor@payload                        cstackBANK0  0005F
LIGHTBLUE_TemperatureSensor@temperature                    cstackBANK0  00064
MCP9844_CalcTemperature@lowerByte                          cstackBANK0  0005C
MCP9844_CalcTemperature@temperatureData                    cstackBANK0  0005D
MCP9844_CalcTemperature@upperByte                          cstackBANK0  0005B
MCP9844_GetTemperatureValue@temperature                    cstackCOMMON 0007B
RN487X_Delay@delayCount                                    cstackCOMMON 00074
RN487X_EnterCmdMode@cmdPrompt                              stringtext9  0182D
RN487X_EnterDataMode@cmdPrompt                             stringtext8  01828
RN487X_FilterData@asyncBuffering                           bssBANK0     0003C
RN487X_FilterData@readChar                                 cstackBANK0  0006B
RN487X_GetInputsValues@F12909                              dataBANK0    0006E
RN487X_IndicateRx@value                                    cstackCOMMON 00071
RN487X_MessageHandler@message                              cstackBANK0  00068
RN487X_MessageHandler@messageType                          cstackBANK0  0006A
RN487X_ReadDefaultResponse@resp                            cstackCOMMON 00073
RN487X_ReadDefaultResponse@status                          cstackCOMMON 00076
RN487X_ReadMsg@expectedMsg                                 cstackCOMMON 00073
RN487X_ReadMsg@index                                       cstackCOMMON 00079
RN487X_ReadMsg@msgLen                                      cstackCOMMON 00075
RN487X_ReadMsg@resp                                        cstackCOMMON 00078
RN487X_RebootCmd@reboot                                    stringtext7  0180C
RN487X_Reset@value                                         cstackCOMMON 00071
RN487X_SendCmd@cmd                                         cstackCOMMON 0007A
RN487X_SendCmd@cmdLen                                      cstackCOMMON 00077
RN487X_SendCmd@index                                       cstackCOMMON 00079
RN487X_SetAsyncMessageHandler@len                          cstackCOMMON 00073
RN487X_SetAsyncMessageHandler@pBuffer                      cstackCOMMON 00071
RN487X_SetOutputs@bitMap                                   cstackBANK0  00047
RN487X_SetOutputs@ioHighNibble                             cstackBANK0  0004B
RN487X_SetOutputs@ioLowNibble                              cstackBANK0  00049
RN487X_SetOutputs@stateHighNibble                          cstackBANK0  0004C
RN487X_SetOutputs@stateLowNibble                           cstackBANK0  0004A
RN487X_SetSystemMode@mode                                  cstackCOMMON 00071
RN487X_Write@txData                                        cstackCOMMON 00076
_ACC_Interrupt_is_high                                     text143      015E3
_ANSELA                                                    (abs)        01F38
_ANSELB                                                    (abs)        01F43
_ANSELC                                                    (abs)        01F4E
_BAUD1CON                                                  (abs)        0011F
_BAUD2CON                                                  (abs)        00A1F
_BMA253_GetAccelDataX                                      text85       00CB6
_BMA253_GetAccelDataXYZ                                    text80       00FBF
_BMA253_GetAccelDataY                                      text83       00CE4
_BMA253_GetAccelDataZ                                      text81       00D12
_BMA253_Initialize                                         text87       00E9C
_BMA253_NewAccelDataRdyX                                   text86       00856
_BMA253_NewAccelDataRdyY                                   text84       00867
_BMA253_NewAccelDataRdyZ                                   text82       00878
_DELAY_milliseconds                                        text67       008C1
_EUSART1_DefaultErrorHandler                               text158      015D3
_EUSART1_DefaultFramingErrorHandler                        text157      015AF
_EUSART1_DefaultOverrunErrorHandler                        text156      015D7
_EUSART1_ErrorHandler                                      nvBANK2      00144
_EUSART1_FramingErrorHandler                               nvBANK2      00148
_EUSART1_Initialize                                        text15       00F43
_EUSART1_OverrunErrorHandler                               nvBANK2      00146
_EUSART1_Read                                              text64       00B6C
_EUSART1_Receive_ISR                                       text150      007C3
_EUSART1_RxDataHandler                                     text159      00992
_EUSART1_RxDefaultInterruptHandler                         nvBANK2      0014A
_EUSART1_SetErrorHandler                                   text20       01656
_EUSART1_SetFramingErrorHandler                            text19       0165C
_EUSART1_SetOverrunErrorHandler                            text18       01662
_EUSART1_SetRxInterruptHandler                             text17       01668
_EUSART1_SetTxInterruptHandler                             text16       0166E
_EUSART1_Transmit_ISR                                      text148      00A92
_EUSART1_TxDefaultInterruptHandler                         nvBANK2      0014C
_EUSART1_Write                                             text78       00BB9
_EUSART1_is_rx_ready                                       text37       016D6
_EUSART1_is_tx_done                                        text60       015F3
_EUSART1_is_tx_ready                                       (abs)        00000
_EUSART2_DefaultErrorHandler                               text154      015DB
_EUSART2_DefaultFramingErrorHandler                        text153      015B0
_EUSART2_DefaultOverrunErrorHandler                        text152      015DF
_EUSART2_ErrorHandler                                      nvBANK2      0014E
_EUSART2_FramingErrorHandler                               nvBANK2      00152
_EUSART2_Initialize                                        text9        00F81
_EUSART2_OverrunErrorHandler                               nvBANK2      00150
_EUSART2_Read                                              text65       00B46
_EUSART2_Receive_ISR                                       text151      00F0A
_EUSART2_RxDataHandler                                     text155      0091A
[...]
_eusart2RxHead                                             bssCOMMON    0007C
_eusart2RxLastError                                        bssBANK0     00036
_eusart2RxStatusBuffer                                     bssBANK1     000D5
_eusart2RxTail                                             bssBANK0     00038
_eusart2TxBuffer                                           bssBANK1     000E5
_eusart2TxBufferRemaining                                  bssBANK0     00039
_eusart2TxHead                                             bssBANK0     0003B
_eusart2TxTail                                             bssBANK0     0003A
_fsmStateTable                                             stringtext3  01048
_i2c1_driver_busCollisionISR                               bssBANK0     00028
_i2c1_driver_i2cISR                                        bssBANK0     00026
_i2c1_fsmStateTable                                        stringtext2  01028
_i2c_ISR                                                   (abs)        00000
_i2c_busCollisionISR                                       (abs)        00000
_i2c_read1ByteRegister                                     text89       0061D
_i2c_read2ByteRegister                                     text45       0073D
_i2c_status                                                bssBANK2     00120
_i2c_write1ByteRegister                                    text88       00D9C
_iNTERRUPTbits                                             bssBANK0     00045
_lightBlueSerial                                           bssBANK4     00220
_main                                                      maintext     000A8
_main$4774                                                 cstackBANK1  000EF
_pHead                                                     bssBANK0     00022
_peek                                                      bssBANK0     0003E
_rad                                                       bssBANK0     00046
_rd1RegCompleteHandler                                     text130      017EF
_rd1RegCompleteHandler@i2c1_master_example$F1205           text126      00823
_rd2RegCompleteHandler                                     text129      00801
_rd2RegCompleteHandler@i2c1_master_example$F1216           text125      00834
_rdBlkRegCompleteHandler                                   text127      0094A
_rdBlkRegCompleteHandler@i2c1_master_example$F1239         text123      00962
_returnReset                                               (abs)        00000
_returnStop                                                (abs)        00000
_rn487x_PrintIndicatorCharacters                           text33       00AB4
_rn487x_PrintMessage                                       text31       00E31
_rn487x_PrintMessageEnd                                    text30       005CF
_rn487x_PrintMessageStart                                  text29       00C89
_sequenceNumber                                            bssBANK0     00044
_serialIndex                                               bssBANK0     0002E
_statusBuffer                                              bssBANK5     002A0
_statusBuffer@main$F3789                                   bssBANK6     00320
_strchr                                                    text28       00A31
_strcpy                                                    text32       009C4
_strlen                                                    text76       009AB
_strncmp                                                   text27       0057D
_strstr                                                    text26       004D5
_timer0ReloadVal16bit                                      bssBANK0     00020
_uart                                                      stringtext1  01000
_wr1RegCompleteHandler                                     text131      017DE
_wr1RegCompleteHandler@i2c1_master_example$F1222           text124      00845
_wr2RegCompleteHandler                                     text128      00812
_wr2RegCompleteHandler@i2c1_master_example$F1228           text132      017CD
btemp                                                      (abs)        0007E
clear_ram0                                                 clrtext      01698
end_of_initialization                                      cinit        000A4
i2c_read1ByteRegister@address                              cstackBANK0  0004C
i2c_read1ByteRegister@d2                                   cstackBANK0  00050
i2c_read1ByteRegister@e                                    cstackBANK0  0004D
i2c_read1ByteRegister@reg                                  cstackBANK0  0004B
i2c_read1ByteRegister@x                                    cstackBANK0  0004E
i2c_read2ByteRegister@address                              cstackBANK0  00051
i2c_read2ByteRegister@reg                                  cstackBANK0  0004B
i2c_read2ByteRegister@result                               cstackBANK0  00052
i2c_write1ByteRegister@address                             cstackCOMMON 0007B
i2c_write1ByteRegister@data                                cstackBANK0  0004C
i2c_write1ByteRegister@reg                                 cstackBANK0  0004B
init_ram                                                   inittext     0169E
int$flags                                                  (abs)        0007E
intlevel0                                                  functab      00000
intlevel1                                                  functab      00000
intlevel2                                                  functab      00000
intlevel3                                                  functab      00000
intlevel4                                                  functab      00000
intlevel5                                                  functab      00000
rd1RegCompleteHandler@i2c1_master_example$F1205@ptr        cstackCOMMON 00078
rd1RegCompleteHandler@p                                    cstackCOMMON 00078
rd2RegCompleteHandler@i2c1_master_example$F1216@ptr        cstackCOMMON 00078
rd2RegCompleteHandler@p                                    cstackCOMMON 00078
rdBlkRegCompleteHandler@i2c1_master_example$F1239@ptr      cstackCOMMON 00078
rdBlkRegCompleteHandler@p                                  cstackCOMMON 00078
reset_vec                                                  reset_vec    00000
rn487x_PrintIndicatorCharacters@messageType                cstackCOMMON 00073
rn487x_PrintMessage@messageIndex                           cstackBANK0  00067
rn487x_PrintMessage@passedMessage                          cstackCOMMON 00077
rn487x_PrintMessage@printCharacter                         cstackBANK0  00047
start                                                      init         00055
start_initialization                                       cinit        00057
strchr@c                                                   cstackCOMMON 00073
strchr@s                                                   cstackCOMMON 00071
strcpy@d                                                   cstackCOMMON 00075
strcpy@dest                                                cstackCOMMON 00076
strcpy@src                                                 cstackCOMMON 00071
strlen@a                                                   cstackCOMMON 00074
strlen@s                                                   cstackCOMMON 00071
strncmp@l                                                  cstackCOMMON 00071
strncmp@n                                                  cstackCOMMON 00075
strncmp@r                                                  cstackCOMMON 00073
strstr@h                                                   cstackCOMMON 00078
strstr@n                                                   cstackCOMMON 0007A
strstr@nl                                                  cstackBANK0  00049
wr1RegCompleteHandler@i2c1_master_example$F1222@ptr        cstackCOMMON 00078
wr1RegCompleteHandler@p                                    cstackCOMMON 00078
wr2RegCompleteHandler@i2c1_master_example$F1228@ptr        cstackCOMMON 00078
wr2RegCompleteHandler@p                                    cstackCOMMON 00078
wtemp0                                                     (abs)        0007E


MODULE INFORMATION

Module		Function		Class		Link	Load	Size
mcc_generated_files/examples/i2c1_master_example.c
		_wr2RegCompleteHandler@i2c1_master_example$F1228		CODE           	17CD	0000	17
		_rd1RegCompleteHandler@i2c1_master_example$F1205		CODE           	0823	0000	17
		_rd2RegCompleteHandler@i2c1_master_example$F1216		CODE           	0834	0000	17
		_rdBlkRegCompleteHandler@i2c1_master_example$F1239		CODE           	0962	0000	24
		_wr1RegCompleteHandler@i2c1_master_example$F1222		CODE           	0845	0000	17

mcc_generated_files/examples/i2c1_master_example.c estimated size: 92

mcc_generated_files/eusart2.c
		_EUSART2_Read  		CODE           	0B46	0000	38
		_EUSART2_SetOverrunErrorHandler		CODE           	1680	0000	6
		_EUSART2_SetErrorHandler		CODE           	1674	0000	6
		_EUSART2_Write 		CODE           	0B92	0000	39
		_EUSART2_Receive_ISR		CODE           	0F0A	0000	57
		_EUSART2_RxDataHandler		CODE           	091A	0000	24
		_EUSART2_DefaultOverrunErrorHandler		CODE           	15DF	0000	4
		_EUSART2_Transmit_ISR		CODE           	0A70	0000	34
		_EUSART2_DefaultFramingErrorHandler		CODE           	15B0	0000	1
		_EUSART2_is_tx_done		CODE           	15EF	0000	4
		_EUSART2_SetRxInterruptHandler		CODE           	1686	0000	6
		_EUSART2_SetTxInterruptHandler		CODE           	168C	0000	6
		_EUSART2_is_rx_ready		CODE           	16CD	0000	9
		_EUSART2_Initialize		CODE           	0F81	0000	62
		_EUSART2_DefaultErrorHandler		CODE           	15DB	0000	4
		_EUSART2_SetFramingErrorHandler		CODE           	167A	0000	6

mcc_generated_files/eusart2.c estimated size: 306

mcc_generated_files/i2c1_master.c
		_I2C1_DO_SEND_RESTART		CODE           	160B	0000	5
		_I2C1_DO_TX_EMPTY		CODE           	0C5C	0000	45
		_I2C1_DO_SEND_RESTART_READ		CODE           	1601	0000	5
		_I2C1_CallbackReturnStop		CODE           	15B1	0000	2
		_I2C1_DO_RX    		CODE           	0780	0000	67
		_I2C1_DO_TX    		CODE           	052A	0000	83
		_I2C1_SetAddressNackCallback		CODE           	1725	0000	11
		_I2C1_DO_IDLE  		CODE           	15FC	0000	5
		_I2C1_MasterOpen		CODE           	1777	0000	13
		_I2C1_DO_RCEN  		CODE           	16A4	0000	7
		_I2C1_MasterSendTxData		CODE           	15F7	0000	5
		_I2C1_MasterStop		CODE           	15C4	0000	3
		_I2C1_CallbackReturnReset		CODE           	15B3	0000	2
		_I2C1_DO_RESET 		CODE           	1624	0000	5
		_I2C1_MasterStartRx		CODE           	15C7	0000	3
		_I2C1_Poller   		CODE           	176A	0000	13
		_I2C1_DO_RX_ACK		CODE           	1615	0000	5
		_I2C1_MasterWaitForEvent		CODE           	163E	0000	6
		_I2C1_MasterSendNack		CODE           	15E7	0000	4
		_I2C1_DO_RX_NACK_RESTART		CODE           	161F	0000	5
		_I2C1_MasterDisableIrq		CODE           	15BB	0000	3
		_I2C1_MasterOperation		CODE           	0A4F	0000	33
		_I2C1_SetCallback		CODE           	0AD7	0000	36
		_I2C1_MasterEnableRestart		CODE           	15C1	0000	3
		_I2C1_Open     		CODE           	0E66	0000	54
		_I2C1_DO_ADDRESS_NACK		CODE           	0BE0	0000	40
		_I2C1_SetBuffer		CODE           	1791	0000	14
		_I2C1_DO_SEND_RESTART_WRITE		CODE           	1606	0000	5
		_I2C1_MasterClose		CODE           	15B8	0000	3
		_I2C1_MasterWrite		CODE           	1629	0000	5
		_I2C1_Initialize		CODE           	16DF	0000	9
		_I2C1_Close    		CODE           	0932	0000	24
		_I2C1_MasterIsNack		CODE           	1638	0000	6
		_I2C1_MasterStart		CODE           	15BE	0000	3
		_I2C1_DO_SEND_ADR_WRITE		CODE           	16AB	0000	8
		_I2C1_MasterClearIrq		CODE           	15B5	0000	3
		_I2C1_SetDataCompleteCallback		CODE           	171A	0000	11
		_I2C1_DO_SEND_STOP		CODE           	1610	0000	5
		_I2C1_MasterSendAck		CODE           	15EB	0000	4
		_I2C1_MasterFsm		CODE           	0C08	0000	41
		_I2C1_MasterGetRxData		CODE           	15CA	0000	3
		_I2C1_MasterSetIrq		CODE           	15CD	0000	3
		_I2C1_DO_SEND_ADR_READ		CODE           	16C4	0000	9
		_I2C1_DO_RX_NACK_STOP		CODE           	161A	0000	5

mcc_generated_files/i2c1_master.c estimated size: 624

mcc_generated_files/interrupt_manager.c
		_INTERRUPT_InterruptManager		CODE           	0004	0000	81

mcc_generated_files/interrupt_manager.c estimated size: 81

mcc_generated_files/application/LIGHTBLUE_service.c
		_LIGHTBLUE_PerformAction		CODE           	0ED2	0000	56
		_LIGHTBLUE_TemperatureSensor		CODE           	08D7	0000	22
		_LIGHTBLUE_UpdateErrorLed		CODE           	09F9	0000	28
		_LIGHTBLUE_SplitWord		CODE           	179F	0000	14
		_LIGHTBLUE_PushButton		CODE           	089A	0000	19
		_LIGHTBLUE_SplitByte		CODE           	0DCC	0000	49
		_LIGHTBLUE_GetDataLedValue		CODE           	164A	0000	6
		_LIGHTBLUE_GetButtonValue		CODE           	1650	0000	6
		_LIGHTBLUE_GetErrorLedValue		CODE           	162E	0000	5
		_LIGHTBLUE_SetErrorLedValue		CODE           	17AD	0000	15
		_LIGHTBLUE_ParseIncomingPacket		CODE           	0189	0000	204
		_LIGHTBLUE_Initialize		CODE           	1644	0000	6
		_LIGHTBLUE_LedState		CODE           	0B20	0000	38
		_LIGHTBLUE_AccelSensor		CODE           	0D40	0000	46
		_LIGHTBLUE_SendProtocolVersion		CODE           	0DFD	0000	52
		_LIGHTBLUE_SendPacket		CODE           	02FF	0000	140
		_LIGHTBLUE_SendSerialData		CODE           	0255	0000	170

mcc_generated_files/application/LIGHTBLUE_service.c estimated size: 876

mcc_generated_files/tmr0.c
		_TMR0_HasOverflowOccured		CODE           	1633	0000	5
		_TMR0_Initialize		CODE           	08AD	0000	20

mcc_generated_files/tmr0.c estimated size: 25

mcc_generated_files/pin_manager.c
		_IOCAF6_ISR    		CODE           	17BC	0000	17
		_PIN_MANAGER_Initialize		CODE           	0668	0000	73
		_IOCAF6_SetInterruptHandler		CODE           	1692	0000	6
		_PIN_MANAGER_IOC		CODE           	16BB	0000	9
		_IOCAF6_DefaultInterruptHandler		CODE           	0800	0000	1

mcc_generated_files/pin_manager.c estimated size: 106

C:\Program Files\Microchip\xc8\v2.46\pic\sources\c99\common\strlen.c
		_strlen        		CODE           	09AB	0000	25

C:\Program Files\Microchip\xc8\v2.46\pic\sources\c99\common\strlen.c estimated size: 25

C:\Program Files\Microchip\xc8\v2.46\pic\sources\c99\common\strncmp.c
		_strncmp       		CODE           	057D	0000	82

C:\Program Files\Microchip\xc8\v2.46\pic\sources\c99\common\strncmp.c estimated size: 82

C:\Program Files\Microchip\xc8\v2.46\pic\sources\c99\common\strchr.c
		_strchr        		CODE           	0A31	0000	30

C:\Program Files\Microchip\xc8\v2.46\pic\sources\c99\common\strchr.c estimated size: 30

C:\Program Files\Microchip\xc8\v2.46\pic\sources\c99\common\strcpy.c
		_strcpy        		CODE           	09C4	0000	26

C:\Program Files\Microchip\xc8\v2.46\pic\sources\c99\common\strcpy.c estimated size: 26

mcc_generated_files/drivers/i2c_simple_master.c
		_wr1RegCompleteHandler		CODE           	17DE	0000	17
		_wr2RegCompleteHandler		CODE           	0812	0000	17
		_i2c_write1ByteRegister		CODE           	0D9C	0000	48
		_rdBlkRegCompleteHandler		CODE           	094A	0000	24
		_i2c_read1ByteRegister		CODE           	061D	0000	75
		_i2c_read2ByteRegister		CODE           	073D	0000	67
		_rd1RegCompleteHandler		CODE           	17EF	0000	17
		_rd2RegCompleteHandler		CODE           	0801	0000	17

mcc_generated_files/drivers/i2c_simple_master.c estimated size: 282

mcc_generated_files/rn487x/rn487x.c
		_RN487X_SendCmd		CODE           	0D6E	0000	46
		_RN487X_ReadMsg		CODE           	0C31	0000	43
		_RN487X_EnterDataMode		CODE           	09DE	0000	27
		_RN487X_SetOutputs		CODE           	06B1	0000	72
		_RN487X_EnterCmdMode		CODE           	0903	0000	23
		_RN487X_ReadDefaultResponse		CODE           	038B	0000	136
		_RN487X_SetAsyncMessageHandler		CODE           	097A	0000	24
		_RN487X_Read   		CODE           	175E	0000	12
		_RN487X_Init   		CODE           	0477	0000	94
		_RN487X_FilterData		CODE           	0413	0000	100
		_RN487X_DataReady		CODE           	0A15	0000	28

mcc_generated_files/rn487x/rn487x.c estimated size: 605

mcc_generated_files/application/MCP9844_temp_sensor.c
		_MCP9844_CalcTemperature		CODE           	0AFB	0000	37
		_MCP9844_GetTemperatureValue		CODE           	1784	0000	13

mcc_generated_files/application/MCP9844_temp_sensor.c estimated size: 50

shared
		RN487X_EnterCmdMode@cmdPrompt		STRCODE        	182D	0000	5
		_uart          		STRCODE        	1000	0000	40
		RN487X_RebootCmd@reboot		STRCODE        	180C	0000	11
		_RN487X        		STRCODE        	1068	0000	18
		__initialization		CODE           	0057	0000	77
		_rn487x_driver_version		STRCODE        	0000	0000	0
		_i2c1_fsmStateTable		STRCODE        	1028	0000	32
		_fsmStateTable 		STRCODE        	1048	0000	32
		_protocol_version_number		STRCODE        	0000	0000	0
		RN487X_EnterDataMode@cmdPrompt		STRCODE        	1828	0000	5

shared estimated size: 220

mcc_generated_files/eusart1.c
		_EUSART1_is_tx_done		CODE           	15F3	0000	4
		_EUSART1_SetRxInterruptHandler		CODE           	1668	0000	6
		_EUSART1_SetTxInterruptHandler		CODE           	166E	0000	6
		_EUSART1_is_rx_ready		CODE           	16D6	0000	9
		_EUSART1_Initialize		CODE           	0F43	0000	62
		_EUSART1_DefaultErrorHandler		CODE           	15D3	0000	4
		_EUSART1_SetFramingErrorHandler		CODE           	165C	0000	6
		_EUSART1_Read  		CODE           	0B6C	0000	38
		_EUSART1_SetOverrunErrorHandler		CODE           	1662	0000	6
		_EUSART1_SetErrorHandler		CODE           	1656	0000	6
		_EUSART1_Write 		CODE           	0BB9	0000	39
		_EUSART1_Receive_ISR		CODE           	07C3	0000	61
		_EUSART1_RxDataHandler		CODE           	0992	0000	25
		_EUSART1_DefaultOverrunErrorHandler		CODE           	15D7	0000	4
		_EUSART1_Transmit_ISR		CODE           	0A92	0000	34
		_EUSART1_DefaultFramingErrorHandler		CODE           	15AF	0000	1

mcc_generated_files/eusart1.c estimated size: 311

mcc_generated_files/mcc.c
		_PMD_Initialize		CODE           	1710	0000	10
		_OSCILLATOR_Initialize		CODE           	1706	0000	10
		_SYSTEM_Initialize		CODE           	08ED	0000	22

mcc_generated_files/mcc.c estimated size: 42

mcc_generated_files/delay.c
		_DELAY_milliseconds		CODE           	08C1	0000	22

mcc_generated_files/delay.c estimated size: 22

C:\Program Files\Microchip\xc8\v2.46\pic\sources\c99\common\strstr.c
		_strstr        		CODE           	04D5	0000	85

C:\Program Files\Microchip\xc8\v2.46\pic\sources\c99\common\strstr.c estimated size: 85

main.c
		_ACC_Interrupt_is_high		CODE           	15E3	0000	4
		_main          		CODE           	00A8	0000	225

main.c estimated size: 229

mcc_generated_files/rn487x/rn487x_interface.c
		_RN487X_is_tx_done		CODE           	16F2	0000	10
		_RN487X_MessageHandler		CODE           	06F9	0000	68
		_RN487X_IndicateRx		CODE           	1730	0000	11
		_RN487X_SetSystemMode		CODE           	1752	0000	12
		_RN487X_IsConnected		CODE           	15D0	0000	3
		_RN487X_Read@rn487x_interface$F1353		CODE           	16E8	0000	10
		_rn487x_PrintIndicatorCharacters		CODE           	0AB4	0000	35
		_rn487x_PrintMessageStart		CODE           	0C89	0000	45
		_RN487X_is_rx_ready		CODE           	16FC	0000	10
		_rn487x_PrintMessage		CODE           	0E31	0000	53
		_RN487X_Write  		CODE           	1746	0000	12
		_RN487X_Reset  		CODE           	173B	0000	11
		_RN487X_Delay  		CODE           	16B3	0000	8
		_rn487x_PrintMessageEnd		CODE           	05CF	0000	78

mcc_generated_files/rn487x/rn487x_interface.c estimated size: 366

mcc_generated_files/application/BMA253_accel.c
		_BMA253_GetAccelDataXYZ		CODE           	0FBF	0000	65
		_BMA253_NewAccelDataRdyY		CODE           	0867	0000	17
		_BMA253_NewAccelDataRdyX		CODE           	0856	0000	17
		_BMA253_GetAccelDataX		CODE           	0CB6	0000	46
		_BMA253_GetAccelDataY		CODE           	0CE4	0000	46
		_BMA253_Initialize		CODE           	0E9C	0000	54
		_BMA253_GetAccelDataZ		CODE           	0D12	0000	46
		_BMA253_NewAccelDataRdyZ		CODE           	0878	0000	17

mcc_generated_files/application/BMA253_accel.c estimated size: 308

